// Jest Snapshot v1, https://goo.gl/fbAQLP

exports[`Compare Results Table Should match snapshot 1`] = `
<body>
  <div />
  <div />
  <div>
    <div
      class="MuiPaper-root MuiPaper-elevation MuiPaper-rounded MuiPaper-elevation1 MuiTableContainer-root css-w09ozj-MuiPaper-root-MuiTableContainer-root"
    >
      <table
        aria-label="a dense table"
        class="MuiTable-root css-d8sagy-MuiTable-root"
      >
        <colgroup>
          <col
            style="width: 10%;"
          />
          <col
            style="width: 10%;"
          />
          <col
            style="width: 20%;"
          />
          <col
            style="width: 10%;"
          />
          <col
            style="width: 10%;"
          />
          <col
            style="width: 10%;"
          />
          <col
            style="width: 10%;"
          />
          <col
            style="width: 12%;"
          />
          <col
            style="width: 8%;"
          />
        </colgroup>
      </table>
    </div>
  </div>
</body>
`;
