// Jest Snapshot v1, https://goo.gl/fbAQLP

exports[`Results View Should display Base, New and Common graphs with 1 value and replicates 1`] = `
<div
  class="content-row container_fd0x6jr"
  data-testid="expanded-row-content"
>
  <div
    class="ff20o48"
  >
    <div
      class="f19s1n7z"
    >
      <div
        class="fc8wfj0"
      >
        <b>
          linux1804-64-shippable-qr
        </b>
         
        <br />
      </div>
      <div
        class="fc8wfj0"
      >
        <hr
          class="MuiDivider-root MuiDivider-fullWidth css-9mgopn-MuiDivider-root"
        />
      </div>
      <div
        class="f9mtzuo"
      >
        <div
          class="fnblmop"
        >
          <div>
            <b>
              Base
              :
            </b>
             
            596.87
             
             (
            firefox
            )
          </div>
          <div>
            chartjs-bubble
          </div>
          <div>
            <div
              class="f1s9htso"
            >
              <div
                class="f1pfon3k"
              >
                587.15
              </div>
              <div
                class="f1pfon3k"
              >
                593.04
              </div>
              <div
                class="f1pfon3k"
              >
                600.7
              </div>
              <div
                class="f1pfon3k"
              >
                602.04
              </div>
            </div>
            <div
              class="fnujpat"
            >
              6.96
               
               = 
              1.17
              % standard deviation
            </div>
          </div>
        </div>
        <div
          class="fnblmop"
        >
          <div>
            <b>
              New
              :
            </b>
             
            605.61
             
             (
            chrome
            )
          </div>
          <div>
            chartjs-bubble
          </div>
          <div>
            <div
              class="f1s9htso"
            >
              <div
                class="f1pfon3k"
              >
                605.16
              </div>
              <div
                class="f1pfon3k"
              >
                605.31
              </div>
              <div
                class="f1pfon3k"
              >
                605.61
              </div>
              <div
                class="f1pfon3k"
              >
                605.81
              </div>
              <div
                class="f1pfon3k"
              >
                607.27
              </div>
            </div>
            <div
              class="fnujpat"
            >
              0.84
               
               = 
              0.14
              % standard deviation
            </div>
          </div>
        </div>
        <div
          class="f1w2i9df"
        >
          chartjs-line
        </div>
      </div>
      <div
        class="fc8wfj0"
      >
        <hr
          class="MuiDivider-root MuiDivider-fullWidth css-9mgopn-MuiDivider-root"
        />
      </div>
      <div
        class="fc8wfj0"
      >
        <div>
          Only one run (consider more runs for greater confidence).
           
        </div>
        <div>
          <b>
            Base application
          </b>
          : 
          firefox
           
        </div>
        <div>
          <b>
            New application
          </b>
          : 
          chrome
           
        </div>
      </div>
      <div
        class="fc8wfj0"
      >
        <b>
          Mean Difference
        </b>
        : 
        1.7
        %
         
        worse
         (
        10.1
         
        )
      </div>
      <div>
        <div>
          <b>
            Confidence
          </b>
          : 
          Low
           
        </div>
        <div
          class="fj8mg7a"
        >
          <b>
            **Note
          </b>
          : 
          A value of 'low' suggests less confidence that there is a sustained, significant change between the two revisions.
           
        </div>
      </div>
    </div>
  </div>
</div>
`;

exports[`Results View Should display Base, New and Common graphs with replicates 1`] = `
<div
  class="content-row container_fd0x6jr"
  data-testid="expanded-row-content"
>
  <div
    class="ff20o48"
  >
    <div
      class="f19s1n7z"
    >
      <div
        class="fc8wfj0"
      >
        <b>
          linux1804-64-shippable-qr
        </b>
         
        <br />
      </div>
      <div
        class="fc8wfj0"
      >
        <hr
          class="MuiDivider-root MuiDivider-fullWidth css-9mgopn-MuiDivider-root"
        />
      </div>
      <div
        class="f9mtzuo"
      >
        <div
          class="fnblmop"
        >
          <div>
            <b>
              Base
              :
            </b>
             
            596.87
             
             (
            firefox
            )
          </div>
          <div>
            chartjs-bubble
          </div>
          <div>
            <div
              class="f1s9htso"
            >
              <div
                class="f1pfon3k"
              >
                587.15
              </div>
              <div
                class="f1pfon3k"
              >
                593.04
              </div>
              <div
                class="f1pfon3k"
              >
                600.7
              </div>
              <div
                class="f1pfon3k"
              >
                602.04
              </div>
            </div>
            <div
              class="fnujpat"
            >
              6.96
               
               = 
              1.17
              % standard deviation
            </div>
          </div>
        </div>
        <div
          class="fnblmop"
        >
          <div>
            <b>
              New
              :
            </b>
             
            605.61
             
             (
            chrome
            )
          </div>
          <div>
            chartjs-bubble
          </div>
          <div>
            <div
              class="f1s9htso"
            >
              <div
                class="f1pfon3k"
              >
                605.16
              </div>
              <div
                class="f1pfon3k"
              >
                605.31
              </div>
              <div
                class="f1pfon3k"
              >
                605.61
              </div>
              <div
                class="f1pfon3k"
              >
                605.81
              </div>
              <div
                class="f1pfon3k"
              >
                607.27
              </div>
            </div>
            <div
              class="fnujpat"
            >
              0.84
               
               = 
              0.14
              % standard deviation
            </div>
          </div>
        </div>
        <div
          class="f1w2i9df"
        >
          chartjs-line
        </div>
      </div>
      <div
        class="fc8wfj0"
      >
        <hr
          class="MuiDivider-root MuiDivider-fullWidth css-9mgopn-MuiDivider-root"
        />
      </div>
      <div
        class="fc8wfj0"
      >
        <div>
          Only one run (consider more runs for greater confidence).
           
        </div>
        <div>
          <b>
            Base application
          </b>
          : 
          firefox
           
        </div>
        <div>
          <b>
            New application
          </b>
          : 
          chrome
           
        </div>
      </div>
      <div
        class="fc8wfj0"
      >
        <b>
          Mean Difference
        </b>
        : 
        1.7
        %
         
        worse
         (
        10.1
         
        )
      </div>
      <div>
        <div>
          <b>
            Confidence
          </b>
          : 
          Low
           
        </div>
        <div
          class="fj8mg7a"
        >
          <b>
            **Note
          </b>
          : 
          A value of 'low' suggests less confidence that there is a sustained, significant change between the two revisions.
           
        </div>
      </div>
    </div>
  </div>
</div>
`;

exports[`Results View Should display Base, New and Common graphs with tooltips 1`] = `
<div
  class="content-row container_fd0x6jr"
  data-testid="expanded-row-content"
>
  <div
    class="ff20o48"
  >
    <div
      class="f19s1n7z"
    >
      <div
        class="fc8wfj0"
      >
        <b>
          linux1804-64-shippable-qr
        </b>
         
        <br />
      </div>
      <div
        class="fc8wfj0"
      >
        <hr
          class="MuiDivider-root MuiDivider-fullWidth css-9mgopn-MuiDivider-root"
        />
      </div>
      <div
        class="f9mtzuo"
      >
        <div
          class="fnblmop"
        >
          <div>
            <b>
              Base
              :
            </b>
             
            596.87
             
             (
            firefox
            )
          </div>
          <div>
            chartjs-bubble
          </div>
          <div>
            <div
              class="f1s9htso"
            >
              <div
                class="f1pfon3k"
              >
                587.15
              </div>
              <div
                class="f1pfon3k"
              >
                593.04
              </div>
              <div
                class="f1pfon3k"
              >
                600.7
              </div>
              <div
                class="f1pfon3k"
              >
                602.04
              </div>
            </div>
            <div
              class="fnujpat"
            >
              6.96
               
               = 
              1.17
              % standard deviation
            </div>
          </div>
        </div>
        <div
          class="fnblmop"
        >
          <div>
            <b>
              New
              :
            </b>
             
            605.61
             
             (
            chrome
            )
          </div>
          <div>
            chartjs-bubble
          </div>
          <div>
            <div
              class="f1s9htso"
            >
              <div
                class="f1pfon3k"
              >
                605.16
              </div>
              <div
                class="f1pfon3k"
              >
                605.31
              </div>
              <div
                class="f1pfon3k"
              >
                605.61
              </div>
              <div
                class="f1pfon3k"
              >
                605.81
              </div>
              <div
                class="f1pfon3k"
              >
                607.27
              </div>
            </div>
            <div
              class="fnujpat"
            >
              0.84
               
               = 
              0.14
              % standard deviation
            </div>
          </div>
        </div>
        <div
          class="f1w2i9df"
        >
          chartjs-line
        </div>
      </div>
      <div
        class="fc8wfj0"
      >
        <hr
          class="MuiDivider-root MuiDivider-fullWidth css-9mgopn-MuiDivider-root"
        />
      </div>
      <div
        class="fc8wfj0"
      >
        <div>
          Only one run (consider more runs for greater confidence).
           
        </div>
        <div>
          <b>
            Base application
          </b>
          : 
          firefox
           
        </div>
        <div>
          <b>
            New application
          </b>
          : 
          chrome
           
        </div>
      </div>
      <div
        class="fc8wfj0"
      >
        <b>
          Mean Difference
        </b>
        : 
        1.7
        %
         
        worse
         (
        10.1
         
        )
      </div>
      <div>
        <div>
          <b>
            Confidence
          </b>
          : 
          Low
           
        </div>
        <div
          class="fj8mg7a"
        >
          <b>
            **Note
          </b>
          : 
          A value of 'low' suggests less confidence that there is a sustained, significant change between the two revisions.
           
        </div>
      </div>
    </div>
  </div>
</div>
`;

exports[`Results View The table should match snapshot and other elements should be present in the page 1`] = `
<div
  class="MuiBox-root css-hshm0p"
  data-testid="results-table"
  role="table"
>
  <div
    class="MuiBox-root css-1rw0zd7"
  >
    <div
      class="MuiGrid-root MuiGrid-container MuiGrid-spacing-xs-2 f1wpas00 css-1e9xsub-MuiGrid-root"
    >
      <div
        class="MuiGrid-root MuiGrid-item MuiGrid-grid-xs-12 MuiGrid-grid-md-6 css-fo77co-MuiGrid-root"
      >
        <form
          aria-label="Search by title, platform, revision or options"
          class="MuiBox-root css-1wxqtyp"
        >
          <div
            class="MuiFormControl-root MuiTextField-root css-1cocm2p-MuiFormControl-root-MuiTextField-root"
          >
            <div
              class="MuiInputBase-root MuiOutlinedInput-root MuiInputBase-colorPrimary MuiInputBase-formControl MuiInputBase-sizeSmall MuiInputBase-adornedStart MuiInputBase-adornedEnd css-m7khg8-MuiInputBase-root-MuiOutlinedInput-root"
            >
              <div
                class="MuiInputAdornment-root MuiInputAdornment-positionStart MuiInputAdornment-outlined MuiInputAdornment-sizeSmall css-ittuaa-MuiInputAdornment-root"
              >
                <span
                  class="notranslate"
                >
                  ​
                </span>
                <svg
                  aria-hidden="true"
                  class="MuiSvgIcon-root MuiSvgIcon-fontSizeMedium css-fuz6rv-MuiSvgIcon-root"
                  data-testid="SearchIcon"
                  focusable="false"
                  viewBox="0 0 24 24"
                >
                  <path
                    d="M15.5 14h-.79l-.28-.27C15.41 12.59 16 11.11 16 9.5 16 5.91 13.09 3 9.5 3S3 5.91 3 9.5 5.91 16 9.5 16c1.61 0 3.09-.59 4.23-1.57l.27.28v.79l5 4.99L20.49 19l-4.99-5zm-6 0C7.01 14 5 11.99 5 9.5S7.01 5 9.5 5 14 7.01 14 9.5 11.99 14 9.5 14z"
                  />
                </svg>
              </div>
              <input
                aria-invalid="false"
                aria-label="Search by title, platform, revision or options"
                class="MuiInputBase-input MuiOutlinedInput-input MuiInputBase-inputSizeSmall MuiInputBase-inputAdornedStart MuiInputBase-inputAdornedEnd css-rg83rj-MuiInputBase-input-MuiOutlinedInput-input"
                id=":r4:"
                placeholder="Search results"
                type="text"
                value=""
              />
              <div
                class="MuiInputAdornment-root MuiInputAdornment-positionEnd MuiInputAdornment-outlined MuiInputAdornment-sizeSmall css-1laqsz7-MuiInputAdornment-root"
              >
                <button
                  aria-label="Clear the search input"
                  class="MuiButtonBase-root MuiIconButton-root MuiIconButton-edgeEnd MuiIconButton-sizeSmall css-151ffkv-MuiButtonBase-root-MuiIconButton-root"
                  tabindex="0"
                  type="button"
                >
                  <svg
                    aria-hidden="true"
                    class="MuiSvgIcon-root MuiSvgIcon-fontSizeMedium css-fuz6rv-MuiSvgIcon-root"
                    data-testid="CloseIcon"
                    focusable="false"
                    viewBox="0 0 24 24"
                  >
                    <path
                      d="M19 6.41 17.59 5 12 10.59 6.41 5 5 6.41 10.59 12 5 17.59 6.41 19 12 13.41 17.59 19 19 17.59 13.41 12z"
                    />
                  </svg>
                  <span
                    class="MuiTouchRipple-root css-8je8zh-MuiTouchRipple-root"
                  />
                </button>
              </div>
              <fieldset
                aria-hidden="true"
                class="MuiOutlinedInput-notchedOutline css-1d3z3hw-MuiOutlinedInput-notchedOutline"
              >
                <legend
                  class="css-ihdtdm"
                >
                  <span
                    class="notranslate"
                  >
                    ​
                  </span>
                </legend>
              </fieldset>
            </div>
          </div>
        </form>
      </div>
      <div
        class="MuiGrid-root MuiGrid-item MuiGrid-grid-xs-true css-1t7ybvx-MuiGrid-root"
      >
        <div
          class="MuiFormControl-root css-q8hpuo-MuiFormControl-root"
        >
          <div
            class="MuiInputBase-root MuiOutlinedInput-root MuiInputBase-colorPrimary MuiInputBase-formControl MuiInputBase-sizeSmall framework-dropdown-select css-1iil27j-MuiInputBase-root-MuiOutlinedInput-root-MuiSelect-root"
            data-testid="framework-select"
          >
            <div
              aria-expanded="false"
              aria-haspopup="listbox"
              aria-label="Framework"
              aria-labelledby="mui-component-select-framework"
              class="MuiSelect-select MuiSelect-outlined MuiInputBase-input MuiOutlinedInput-input MuiInputBase-inputSizeSmall css-jaypmb-MuiSelect-select-MuiInputBase-input-MuiOutlinedInput-input"
              id="mui-component-select-framework"
              role="button"
              tabindex="0"
            >
              build_metrics
            </div>
            <input
              aria-hidden="true"
              class="MuiSelect-nativeInput css-yf8vq0-MuiSelect-nativeInput"
              name="framework"
              tabindex="-1"
              value="2"
            />
            <svg
              aria-hidden="true"
              class="MuiSvgIcon-root MuiSvgIcon-fontSizeMedium MuiSelect-icon MuiSelect-iconOutlined css-w4piji-MuiSvgIcon-root-MuiSelect-icon"
              data-testid="ArrowDropDownIcon"
              focusable="false"
              viewBox="0 0 24 24"
            >
              <path
                d="M7 10l5 5 5-5z"
              />
            </svg>
            <fieldset
              aria-hidden="true"
              class="MuiOutlinedInput-notchedOutline css-1d3z3hw-MuiOutlinedInput-notchedOutline"
            >
              <legend
                class="css-ihdtdm"
              >
                <span
                  class="notranslate"
                >
                  ​
                </span>
              </legend>
            </fieldset>
          </div>
        </div>
      </div>
      <div
        class="MuiGrid-root MuiGrid-item MuiGrid-grid-xs-true css-1t7ybvx-MuiGrid-root"
      >
        <div
          class="MuiBox-root css-0"
          data-testid="revision-select"
        >
          <div
            class="MuiInputBase-root MuiOutlinedInput-root MuiInputBase-colorPrimary MuiInputBase-sizeSmall f96or0t css-1iil27j-MuiInputBase-root-MuiOutlinedInput-root-MuiSelect-root"
          >
            <div
              aria-expanded="false"
              aria-haspopup="listbox"
              class="MuiSelect-select MuiSelect-outlined MuiInputBase-input MuiOutlinedInput-input MuiInputBase-inputSizeSmall css-jaypmb-MuiSelect-select-MuiInputBase-input-MuiOutlinedInput-input"
              role="button"
              tabindex="0"
            >
              <div
                class="fbc330 MuiBox-root css-0"
              >
                <svg
                  aria-hidden="true"
                  class="MuiSvgIcon-root MuiSvgIcon-fontSizeMedium css-fuz6rv-MuiSvgIcon-root"
                  focusable="false"
                  viewBox="0 0 24 24"
                >
                  <svg
                    aria-hidden="true"
                    class="MuiSvgIcon-root MuiSvgIcon-fontSizeMedium css-fuz6rv-MuiSvgIcon-root"
                    data-testid="SortIcon"
                    focusable="false"
                    viewBox="0 0 24 24"
                  >
                    <path
                      d="M3 18h6v-2H3v2zM3 6v2h18V6H3zm0 7h12v-2H3v2z"
                    />
                  </svg>
                </svg>
                All revisions
              </div>
            </div>
            <input
              aria-hidden="true"
              class="MuiSelect-nativeInput css-yf8vq0-MuiSelect-nativeInput"
              tabindex="-1"
              value="all-revisions"
            />
            <svg
              aria-hidden="true"
              class="MuiSvgIcon-root MuiSvgIcon-fontSizeMedium MuiSelect-icon MuiSelect-iconOutlined css-w4piji-MuiSvgIcon-root-MuiSelect-icon"
              data-testid="ArrowDropDownIcon"
              focusable="false"
              viewBox="0 0 24 24"
            >
              <path
                d="M7 10l5 5 5-5z"
              />
            </svg>
            <fieldset
              aria-hidden="true"
              class="MuiOutlinedInput-notchedOutline css-1d3z3hw-MuiOutlinedInput-notchedOutline"
            >
              <legend
                class="css-ihdtdm"
              >
                <span
                  class="notranslate"
                >
                  ​
                </span>
              </legend>
            </fieldset>
          </div>
        </div>
      </div>
      <div
        class="MuiGrid-root MuiGrid-item MuiGrid-grid-xs-true css-1t7ybvx-MuiGrid-root"
      >
        <div
          class="f6hg2jo"
        >
          <button
            class="MuiButtonBase-root MuiButton-root MuiButton-contained MuiButton-containedSecondary MuiButton-sizeMedium MuiButton-containedSizeMedium MuiButton-disableElevation MuiButton-root MuiButton-contained MuiButton-containedSecondary MuiButton-sizeMedium MuiButton-containedSizeMedium MuiButton-disableElevation css-iendvr-MuiButtonBase-root-MuiButton-root"
            tabindex="0"
            type="button"
          >
            Download JSON
            <span
              class="MuiTouchRipple-root css-8je8zh-MuiTouchRipple-root"
            />
          </button>
        </div>
      </div>
    </div>
    <div
      class="f1wqnr25 fr2n4tx"
      data-testid="table-header"
      role="row"
    >
      <div
        class="cell platform-header"
        role="columnheader"
      >
        <button
          aria-haspopup="true"
          aria-label="Platform (Click to filter values. Some filters are active.)"
          class="MuiButtonBase-root MuiButton-root MuiButton-contained MuiButton-containedSecondary MuiButton-sizeMedium MuiButton-containedSizeMedium MuiButton-disableElevation MuiButton-root MuiButton-contained MuiButton-containedSecondary MuiButton-sizeMedium MuiButton-containedSizeMedium MuiButton-disableElevation css-gsklu7-MuiButtonBase-root-MuiButton-root"
          tabindex="0"
          type="button"
        >
          Platform
          <svg
            class="MuiSvgIcon-root MuiSvgIcon-colorPrimary MuiSvgIcon-fontSizeSmall css-1yguepm-MuiSvgIcon-root"
            data-testid="FilterListIcon"
            focusable="false"
            role="img"
            viewBox="0 0 24 24"
          >
            <path
              d="M10 18h4v-2h-4v2zM3 6v2h18V6H3zm3 7h12v-2H6v2z"
            />
            <title>
              Some filters are active
            </title>
          </svg>
          <span
            class="MuiTouchRipple-root css-8je8zh-MuiTouchRipple-root"
          />
        </button>
      </div>
      <div
        class="cell base-header"
        role="columnheader"
      >
        Base
      </div>
      <div
        class="cell comparisonSign-header"
        role="columnheader"
      />
      <div
        class="cell new-header"
        role="columnheader"
      >
        New
      </div>
      <div
        class="cell status-header"
        role="columnheader"
      >
        <button
          aria-haspopup="true"
          aria-label="Status (Click to filter values. Some filters are active.)"
          class="MuiButtonBase-root MuiButton-root MuiButton-contained MuiButton-containedSecondary MuiButton-sizeMedium MuiButton-containedSizeMedium MuiButton-disableElevation MuiButton-root MuiButton-contained MuiButton-containedSecondary MuiButton-sizeMedium MuiButton-containedSizeMedium MuiButton-disableElevation css-gsklu7-MuiButtonBase-root-MuiButton-root"
          tabindex="0"
          type="button"
        >
          Status
          <svg
            class="MuiSvgIcon-root MuiSvgIcon-colorPrimary MuiSvgIcon-fontSizeSmall css-1yguepm-MuiSvgIcon-root"
            data-testid="FilterListIcon"
            focusable="false"
            role="img"
            viewBox="0 0 24 24"
          >
            <path
              d="M10 18h4v-2h-4v2zM3 6v2h18V6H3zm3 7h12v-2H6v2z"
            />
            <title>
              Some filters are active
            </title>
          </svg>
          <span
            class="MuiTouchRipple-root css-8je8zh-MuiTouchRipple-root"
          />
        </button>
      </div>
      <div
        class="cell delta-header"
        role="columnheader"
      >
        Delta(%)
      </div>
      <div
        class="cell confidence-header"
        role="columnheader"
      >
        <button
          aria-haspopup="true"
          aria-label="Confidence (Click to filter values. Some filters are active.)"
          class="MuiButtonBase-root MuiButton-root MuiButton-contained MuiButton-containedSecondary MuiButton-sizeMedium MuiButton-containedSizeMedium MuiButton-disableElevation MuiButton-root MuiButton-contained MuiButton-containedSecondary MuiButton-sizeMedium MuiButton-containedSizeMedium MuiButton-disableElevation css-gsklu7-MuiButtonBase-root-MuiButton-root"
          tabindex="0"
          type="button"
        >
          Confidence
          <svg
            class="MuiSvgIcon-root MuiSvgIcon-colorPrimary MuiSvgIcon-fontSizeSmall css-1yguepm-MuiSvgIcon-root"
            data-testid="FilterListIcon"
            focusable="false"
            role="img"
            viewBox="0 0 24 24"
          >
            <path
              d="M10 18h4v-2h-4v2zM3 6v2h18V6H3zm3 7h12v-2H6v2z"
            />
            <title>
              Some filters are active
            </title>
          </svg>
          <span
            class="MuiTouchRipple-root css-8je8zh-MuiTouchRipple-root"
          />
        </button>
      </div>
      <div
        class="cell runs-header"
        role="columnheader"
      >
        Total Runs
      </div>
      <div
        class="cell buttons-header"
        role="columnheader"
      />
      <div
        class="cell expand-header"
        role="columnheader"
      />
    </div>
  </div>
  <div
    data-virtuoso-scroller="true"
    style="position: relative;"
  >
    <div
      data-viewport-type="window"
      style="width: 100%; height: 100%; position: absolute; top: 0px;"
    >
      <div
        data-testid="virtuoso-item-list"
        style="box-sizing: border-box; margin-top: 0px; padding-top: 0px; padding-bottom: 0px;"
      />
    </div>
  </div>
  <div
    class="MuiContainer-root MuiContainer-maxWidthLg css-1oqqzyl-MuiContainer-root"
  >
    <div
      class="MuiGrid-root MuiGrid-container css-3s5eoc-MuiGrid-root"
    >
      <div
        class="foa7wva"
      >
        <div>
          <svg
            aria-hidden="true"
            class="MuiSvgIcon-root MuiSvgIcon-fontSizeLarge css-8lii5d-MuiSvgIcon-root"
            data-testid="SearchIcon"
            focusable="false"
            viewBox="0 0 24 24"
          >
            <path
              d="M15.5 14h-.79l-.28-.27C15.41 12.59 16 11.11 16 9.5 16 5.91 13.09 3 9.5 3S3 5.91 3 9.5 5.91 16 9.5 16c1.61 0 3.09-.59 4.23-1.57l.27.28v.79l5 4.99L20.49 19l-4.99-5zm-6 0C7.01 14 5 11.99 5 9.5S7.01 5 9.5 5 14 7.01 14 9.5 11.99 14 9.5 14z"
            />
          </svg>
          <br />
        </div>
        <b>
          No results found
        </b>
        <br />
        For the selected revision(s), no results when compared to the base revision.
        <br />
      </div>
    </div>
  </div>
</div>
`;

exports[`Results View renders framework dropdown in closed condition 1`] = `
<div
  aria-expanded="false"
  aria-haspopup="listbox"
  aria-label="Framework"
  aria-labelledby="mui-component-select-framework"
  class="MuiSelect-select MuiSelect-outlined MuiInputBase-input MuiOutlinedInput-input MuiInputBase-inputSizeSmall css-jaypmb-MuiSelect-select-MuiInputBase-input-MuiOutlinedInput-input"
  id="mui-component-select-framework"
  role="button"
  tabindex="0"
>
  build_metrics
</div>
`;
