// Jest Snapshot v1, https://goo.gl/fbAQLP

exports[`SubtestsRevisionRow Component renders the component with correct data 1`] = `
<body>
  <div>
    <div
      class="revisionRow f15pv6go f1vh4jdk MuiBox-root css-1ykk23q"
      role="row"
    >
      <div
        class="subtests cell"
        role="cell"
      >
        dhtml.html
      </div>
      <div
        class="base-value cell"
        role="cell"
      >
         
        971.38
         
        ms
         
      </div>
      <div
        class="comparison-sign cell"
        role="cell"
      >
        &lt;
      </div>
      <div
        class="new-value cell"
        role="cell"
      >
         
        982.41
         
        ms
      </div>
      <div
        class="status cell"
        role="cell"
      >
        <div
          class="status-hint  MuiBox-root css-1dj4wrv"
        >
          -
        </div>
      </div>
      <div
        class="delta cell"
        role="cell"
      >
         
        1.14
         %
         
      </div>
      <div
        class="confidence cell"
        role="cell"
      >
        <svg
          aria-hidden="true"
          class="MuiSvgIcon-root MuiSvgIcon-fontSizeMedium css-vsehry-MuiSvgIcon-root"
          data-testid="KeyboardArrowDownIcon"
          focusable="false"
          viewBox="0 0 24 24"
        >
          <path
            d="M7.41 8.59 12 13.17l4.59-4.58L18 10l-6 6-6-6 1.41-1.41z"
          />
        </svg>
        Low
      </div>
      <div
        class="total-runs cell"
        role="cell"
      >
        <span>
          <span
            title="Base runs"
          >
            B:
          </span>
          <strong>
            2
          </strong>
        </span>
        <span>
          <span
            title="New runs"
          >
            N:
          </span>
          <strong>
            2
          </strong>
        </span>
      </div>
      <div
        class="row-buttons cell"
      >
        <div
          class="graph"
          role="cell"
        >
          <div
            class="graph-link-button-container"
          >
            <a
              class="MuiButtonBase-root MuiIconButton-root MuiIconButton-colorPrimary MuiIconButton-sizeSmall css-1itd531-MuiButtonBase-root-MuiIconButton-root"
              href="https://treeherder.mozilla.org/perfherder/graphs?highlightedRevisions=d775409d7c6a&highlightedRevisions=22f4cf67e8ad&series=mozilla-central%2C5c47b31c38f7214a07fad2e0d41fb901cdc18eae%2C1%2C1&timerange=604800"
              tabindex="0"
              target="_blank"
              title="open the evolution graph for this job in treeherder"
            >
              <svg
                aria-hidden="true"
                class="MuiSvgIcon-root MuiSvgIcon-fontSizeMedium css-fuz6rv-MuiSvgIcon-root"
                data-testid="TimelineIcon"
                focusable="false"
                viewBox="0 0 24 24"
              >
                <path
                  d="M23 8c0 1.1-.9 2-2 2-.18 0-.35-.02-.51-.07l-3.56 3.55c.05.16.07.34.07.52 0 1.1-.9 2-2 2s-2-.9-2-2c0-.18.02-.36.07-.52l-2.55-2.55c-.16.05-.34.07-.52.07s-.36-.02-.52-.07l-4.55 4.56c.05.16.07.33.07.51 0 1.1-.9 2-2 2s-2-.9-2-2 .9-2 2-2c.18 0 .35.02.51.07l4.56-4.55C8.02 9.36 8 9.18 8 9c0-1.1.9-2 2-2s2 .9 2 2c0 .18-.02.36-.07.52l2.55 2.55c.16-.05.34-.07.52-.07s.36.02.52.07l3.55-3.56C19.02 8.35 19 8.18 19 8c0-1.1.9-2 2-2s2 .9 2 2z"
                />
              </svg>
              <span
                class="MuiTouchRipple-root css-8je8zh-MuiTouchRipple-root"
              />
            </a>
          </div>
        </div>
      </div>
      <div
        class="expand-button cell"
        role="cell"
      >
        <button
          aria-controls=":r0:"
          aria-expanded="false"
          class="MuiButtonBase-root MuiIconButton-root MuiIconButton-colorPrimary MuiIconButton-sizeSmall css-1itd531-MuiButtonBase-root-MuiIconButton-root"
          tabindex="0"
          title="expand this row"
          type="button"
        >
          <svg
            aria-hidden="true"
            class="MuiSvgIcon-root MuiSvgIcon-fontSizeMedium css-fuz6rv-MuiSvgIcon-root"
            data-testid="ExpandMoreIcon"
            focusable="false"
            viewBox="0 0 24 24"
          >
            <path
              d="M16.59 8.59 12 13.17 7.41 8.59 6 10l6 6 6-6z"
            />
          </svg>
          <span
            class="MuiTouchRipple-root css-8je8zh-MuiTouchRipple-root"
          />
        </button>
      </div>
    </div>
  </div>
</body>
`;
