// Jest Snapshot v1, https://goo.gl/fbAQLP

exports[`SearchResultsList should match snapshot 1`] = `
<body>
  <div>
    <div
      class="MuiContainer-root MuiContainer-maxWidthLg perfcompare-body css-1tyv3cf-MuiContainer-root"
    >
      <div
        class="header-container MuiBox-root css-0"
      >
        <div
          class="MuiTypography-root MuiTypography-h1 MuiTypography-alignCenter MuiTypography-gutterBottom perfcompare-header css-8mdcpf-MuiTypography-root"
        >
          PerfCompare
        </div>
      </div>
      <div
        class="MuiGrid-root MuiGrid-item MuiGrid-grid-xs-12 css-13eijkh-MuiGrid-root"
      />
      <div
        class="MuiGrid-root MuiGrid-item compare-button-section css-j8gwlw-MuiGrid-root"
      />
      <div
        class="MuiGrid-root MuiGrid-container f1g011md css-1ljzhs0-MuiGrid-root"
        id="revision-search-container"
      >
        <div
          class="MuiGrid-root MuiGrid-item MuiGrid-grid-xs-2 revision_search-dropdown css-1awobkc-MuiGrid-root"
          id="revision-search-dropdown"
        >
          <div
            class="MuiFormControl-root f12tflng f17k9m91 css-1anm9we-MuiFormControl-root"
          >
            <label
              class="MuiFormLabel-root MuiInputLabel-root MuiInputLabel-formControl MuiInputLabel-animated MuiInputLabel-shrink MuiInputLabel-outlined MuiFormLabel-colorPrimary MuiFormLabel-filled MuiInputLabel-root MuiInputLabel-formControl MuiInputLabel-animated MuiInputLabel-shrink MuiInputLabel-outlined css-mru796-MuiFormLabel-root-MuiInputLabel-root"
              data-shrink="true"
              id="select-repository-label"
            >
              repository
            </label>
            <div
              class="MuiInputBase-root MuiOutlinedInput-root MuiInputBase-colorPrimary MuiInputBase-formControl fzus2vl css-11q0f3f-MuiInputBase-root-MuiOutlinedInput-root-MuiSelect-root"
            >
              <div
                aria-expanded="false"
                aria-haspopup="listbox"
                aria-labelledby="select-repository-label"
                class="MuiSelect-select MuiSelect-outlined MuiInputBase-input MuiOutlinedInput-input css-11u53oe-MuiSelect-select-MuiInputBase-input-MuiOutlinedInput-input"
                role="button"
                tabindex="0"
              >
                try
              </div>
              <input
                aria-hidden="true"
                class="MuiSelect-nativeInput css-yf8vq0-MuiSelect-nativeInput"
                tabindex="-1"
                value="try"
              />
              <svg
                aria-hidden="true"
                class="MuiSvgIcon-root MuiSvgIcon-fontSizeMedium MuiSelect-icon MuiSelect-iconOutlined css-1pxapms-MuiSvgIcon-root-MuiSelect-icon"
                data-testid="ArrowDropDownIcon"
                focusable="false"
                viewBox="0 0 24 24"
              >
                <path
                  d="M7 10l5 5 5-5z"
                />
              </svg>
              <fieldset
                aria-hidden="true"
                class="MuiOutlinedInput-notchedOutline css-1d3z3hw-MuiOutlinedInput-notchedOutline"
              >
                <legend
                  class="css-14lo706"
                >
                  <span>
                    repository
                  </span>
                </legend>
              </fieldset>
            </div>
          </div>
        </div>
        <div
          class="MuiGrid-root MuiGrid-item MuiGrid-grid-xs-9 revision_search-input  css-124ajok-MuiGrid-root"
        >
          <div
            class="MuiFormControl-root MuiFormControl-fullWidth css-q8hpuo-MuiFormControl-root"
          >
            <div
              class="MuiFormControl-root MuiTextField-root f1ci76mj f17k9m91 css-136h9lv-MuiFormControl-root-MuiTextField-root"
            >
              <label
                class="MuiFormLabel-root MuiInputLabel-root MuiInputLabel-formControl MuiInputLabel-animated MuiInputLabel-shrink MuiInputLabel-outlined MuiFormLabel-colorPrimary Mui-focused MuiInputLabel-root MuiInputLabel-formControl MuiInputLabel-animated MuiInputLabel-shrink MuiInputLabel-outlined css-mru796-MuiFormLabel-root-MuiInputLabel-root"
                data-shrink="true"
                for="search-revision-input"
                id="search-revision-input-label"
              >
                Search By Revision ID or Author Email
              </label>
              <div
                class="MuiInputBase-root MuiOutlinedInput-root MuiInputBase-colorPrimary Mui-focused MuiInputBase-formControl MuiInputBase-adornedStart css-1695314-MuiInputBase-root-MuiOutlinedInput-root"
              >
                <div
                  class="MuiInputAdornment-root MuiInputAdornment-positionEnd MuiInputAdornment-outlined MuiInputAdornment-sizeMedium css-1laqsz7-MuiInputAdornment-root"
                >
                  <svg
                    aria-hidden="true"
                    class="MuiSvgIcon-root MuiSvgIcon-fontSizeMedium css-fuz6rv-MuiSvgIcon-root"
                    data-testid="SearchIcon"
                    focusable="false"
                    viewBox="0 0 24 24"
                  >
                    <path
                      d="M15.5 14h-.79l-.28-.27C15.41 12.59 16 11.11 16 9.5 16 5.91 13.09 3 9.5 3S3 5.91 3 9.5 5.91 16 9.5 16c1.61 0 3.09-.59 4.23-1.57l.27.28v.79l5 4.99L20.49 19l-4.99-5zm-6 0C7.01 14 5 11.99 5 9.5S7.01 5 9.5 5 14 7.01 14 9.5 11.99 14 9.5 14z"
                    />
                  </svg>
                </div>
                <input
                  aria-invalid="false"
                  class="MuiInputBase-input MuiOutlinedInput-input MuiInputBase-inputAdornedStart css-1o9s3wi-MuiInputBase-input-MuiOutlinedInput-input"
                  id="search-revision-input"
                  placeholder="Search By Revision ID or Author Email"
                  type="text"
                  value=""
                />
                <fieldset
                  aria-hidden="true"
                  class="MuiOutlinedInput-notchedOutline css-1d3z3hw-MuiOutlinedInput-notchedOutline"
                >
                  <legend
                    class="css-14lo706"
                  >
                    <span>
                      Search By Revision ID or Author Email
                    </span>
                  </legend>
                </fieldset>
              </div>
            </div>
          </div>
          <div
            class="MuiBox-root css-jj0rrt"
            id="search-results-list"
          >
            <ul
              class="MuiList-root MuiList-padding css-1fc0pkb-MuiList-root"
            >
              <div
                class="MuiButtonBase-root MuiListItemButton-root MuiListItemButton-gutters MuiListItemButton-root MuiListItemButton-gutters f1ht8qkz css-1gopsaf-MuiButtonBase-root-MuiListItemButton-root"
                role="button"
                tabindex="0"
              >
                <li
                  class="MuiListItem-root MuiListItem-gutters search-revision-item search-revision css-1nxmd3h-MuiListItem-root"
                >
                  <div
                    class="MuiListItemIcon-root search-revision-item-icon search-revision css-cveggr-MuiListItemIcon-root"
                  >
                    <span
                      class="MuiButtonBase-root MuiCheckbox-root MuiCheckbox-colorPrimary PrivateSwitchBase-root MuiCheckbox-root MuiCheckbox-colorPrimary PrivateSwitchBase-edgeStart MuiCheckbox-root MuiCheckbox-colorPrimary search-revision-item-checkbox css-zkqepn-MuiButtonBase-root-MuiCheckbox-root"
                      data-testid="checkbox-0"
                    >
                      <input
                        class="PrivateSwitchBase-input css-1m9pwf3"
                        data-indeterminate="false"
                        tabindex="-1"
                        type="checkbox"
                      />
                      <svg
                        aria-hidden="true"
                        class="MuiSvgIcon-root MuiSvgIcon-fontSizeMedium css-fuz6rv-MuiSvgIcon-root"
                        data-testid="CheckBoxOutlineBlankIcon"
                        focusable="false"
                        viewBox="0 0 24 24"
                      >
                        <path
                          d="M19 5v14H5V5h14m0-2H5c-1.1 0-2 .9-2 2v14c0 1.1.9 2 2 2h14c1.1 0 2-.9 2-2V5c0-1.1-.9-2-2-2z"
                        />
                      </svg>
                    </span>
                  </div>
                  <div
                    class="MuiListItemText-root MuiListItemText-multiline search-revision-item-text css-konndc-MuiListItemText-root"
                  >
                    <span
                      class="MuiTypography-root MuiTypography-body1 MuiTypography-noWrap MuiListItemText-primary css-ubpm07-MuiTypography-root"
                    >
                      <span
                        class="MuiTypography-root MuiTypography-body2 revision-hash css-1n4m7wi-MuiTypography-root"
                      >
                        coconut
                      </span>
                      <div
                        class="info-caption"
                      >
                        <div
                          class="info-caption-item item-author"
                        >
                           
                          <svg
                            aria-hidden="true"
                            class="MuiSvgIcon-root MuiSvgIcon-fontSizeSmall mail-icon css-1mecf1h-MuiSvgIcon-root"
                            data-testid="MailOutlineOutlinedIcon"
                            focusable="false"
                            viewBox="0 0 24 24"
                          >
                            <path
                              d="M20 4H4c-1.1 0-1.99.9-1.99 2L2 18c0 1.1.9 2 2 2h16c1.1 0 2-.9 2-2V6c0-1.1-.9-2-2-2zm0 14H4V8l8 5 8-5v10zm-8-7L4 6h16l-8 5z"
                            />
                          </svg>
                           
                          johncleese@python.com
                        </div>
                        <div
                          class="info-caption-item item-time"
                        >
                          <svg
                            aria-hidden="true"
                            class="MuiSvgIcon-root MuiSvgIcon-fontSizeSmall time-icon css-1mecf1h-MuiSvgIcon-root"
                            data-testid="AccessTimeOutlinedIcon"
                            focusable="false"
                            viewBox="0 0 24 24"
                          >
                            <path
                              d="M11.99 2C6.47 2 2 6.48 2 12s4.47 10 9.99 10C17.52 22 22 17.52 22 12S17.52 2 11.99 2zM12 20c-4.42 0-8-3.58-8-8s3.58-8 8-8 8 3.58 8 8-3.58 8-8 8zm.5-13H11v6l5.25 3.15.75-1.23-4.5-2.67z"
                            />
                          </svg>
                          03/29/51 00:00
                        </div>
                      </div>
                    </span>
                    <p
                      class="MuiTypography-root MuiTypography-body2 MuiTypography-noWrap MuiListItemText-secondary css-3a763r-MuiTypography-root"
                    >
                      you've got no arms left! 
                    </p>
                  </div>
                </li>
              </div>
              <div
                class="MuiButtonBase-root MuiListItemButton-root MuiListItemButton-gutters MuiListItemButton-root MuiListItemButton-gutters f1ht8qkz css-1gopsaf-MuiButtonBase-root-MuiListItemButton-root"
                role="button"
                tabindex="0"
              >
                <li
                  class="MuiListItem-root MuiListItem-gutters search-revision-item search-revision css-1nxmd3h-MuiListItem-root"
                >
                  <div
                    class="MuiListItemIcon-root search-revision-item-icon search-revision css-cveggr-MuiListItemIcon-root"
                  >
                    <span
                      class="MuiButtonBase-root MuiCheckbox-root MuiCheckbox-colorPrimary PrivateSwitchBase-root MuiCheckbox-root MuiCheckbox-colorPrimary PrivateSwitchBase-edgeStart MuiCheckbox-root MuiCheckbox-colorPrimary search-revision-item-checkbox css-zkqepn-MuiButtonBase-root-MuiCheckbox-root"
                      data-testid="checkbox-1"
                    >
                      <input
                        class="PrivateSwitchBase-input css-1m9pwf3"
                        data-indeterminate="false"
                        tabindex="-1"
                        type="checkbox"
                      />
                      <svg
                        aria-hidden="true"
                        class="MuiSvgIcon-root MuiSvgIcon-fontSizeMedium css-fuz6rv-MuiSvgIcon-root"
                        data-testid="CheckBoxOutlineBlankIcon"
                        focusable="false"
                        viewBox="0 0 24 24"
                      >
                        <path
                          d="M19 5v14H5V5h14m0-2H5c-1.1 0-2 .9-2 2v14c0 1.1.9 2 2 2h14c1.1 0 2-.9 2-2V5c0-1.1-.9-2-2-2z"
                        />
                      </svg>
                    </span>
                  </div>
                  <div
                    class="MuiListItemText-root MuiListItemText-multiline search-revision-item-text css-konndc-MuiListItemText-root"
                  >
                    <span
                      class="MuiTypography-root MuiTypography-body1 MuiTypography-noWrap MuiListItemText-primary css-ubpm07-MuiTypography-root"
                    >
                      <span
                        class="MuiTypography-root MuiTypography-body2 revision-hash css-1n4m7wi-MuiTypography-root"
                      >
                        spam
                      </span>
                      <div
                        class="info-caption"
                      >
                        <div
                          class="info-caption-item item-author"
                        >
                           
                          <svg
                            aria-hidden="true"
                            class="MuiSvgIcon-root MuiSvgIcon-fontSizeSmall mail-icon css-1mecf1h-MuiSvgIcon-root"
                            data-testid="MailOutlineOutlinedIcon"
                            focusable="false"
                            viewBox="0 0 24 24"
                          >
                            <path
                              d="M20 4H4c-1.1 0-1.99.9-1.99 2L2 18c0 1.1.9 2 2 2h16c1.1 0 2-.9 2-2V6c0-1.1-.9-2-2-2zm0 14H4V8l8 5 8-5v10zm-8-7L4 6h16l-8 5z"
                            />
                          </svg>
                           
                          ericidle@python.com
                        </div>
                        <div
                          class="info-caption-item item-time"
                        >
                          <svg
                            aria-hidden="true"
                            class="MuiSvgIcon-root MuiSvgIcon-fontSizeSmall time-icon css-1mecf1h-MuiSvgIcon-root"
                            data-testid="AccessTimeOutlinedIcon"
                            focusable="false"
                            viewBox="0 0 24 24"
                          >
                            <path
                              d="M11.99 2C6.47 2 2 6.48 2 12s4.47 10 9.99 10C17.52 22 22 17.52 22 12S17.52 2 11.99 2zM12 20c-4.42 0-8-3.58-8-8s3.58-8 8-8 8 3.58 8 8-3.58 8-8 8zm.5-13H11v6l5.25 3.15.75-1.23-4.5-2.67z"
                            />
                          </svg>
                          02/22/58 00:00
                        </div>
                      </div>
                    </span>
                    <p
                      class="MuiTypography-root MuiTypography-body2 MuiTypography-noWrap MuiListItemText-secondary css-3a763r-MuiTypography-root"
                    >
                      it's just a flesh wound 
                    </p>
                  </div>
                </li>
              </div>
              <div
                class="MuiButtonBase-root MuiListItemButton-root MuiListItemButton-gutters MuiListItemButton-root MuiListItemButton-gutters f1ht8qkz css-1gopsaf-MuiButtonBase-root-MuiListItemButton-root"
                role="button"
                tabindex="0"
              >
                <li
                  class="MuiListItem-root MuiListItem-gutters search-revision-item search-revision css-1nxmd3h-MuiListItem-root"
                >
                  <div
                    class="MuiListItemIcon-root search-revision-item-icon search-revision css-cveggr-MuiListItemIcon-root"
                  >
                    <span
                      class="MuiButtonBase-root MuiCheckbox-root MuiCheckbox-colorPrimary PrivateSwitchBase-root MuiCheckbox-root MuiCheckbox-colorPrimary PrivateSwitchBase-edgeStart MuiCheckbox-root MuiCheckbox-colorPrimary search-revision-item-checkbox css-zkqepn-MuiButtonBase-root-MuiCheckbox-root"
                      data-testid="checkbox-2"
                    >
                      <input
                        class="PrivateSwitchBase-input css-1m9pwf3"
                        data-indeterminate="false"
                        tabindex="-1"
                        type="checkbox"
                      />
                      <svg
                        aria-hidden="true"
                        class="MuiSvgIcon-root MuiSvgIcon-fontSizeMedium css-fuz6rv-MuiSvgIcon-root"
                        data-testid="CheckBoxOutlineBlankIcon"
                        focusable="false"
                        viewBox="0 0 24 24"
                      >
                        <path
                          d="M19 5v14H5V5h14m0-2H5c-1.1 0-2 .9-2 2v14c0 1.1.9 2 2 2h14c1.1 0 2-.9 2-2V5c0-1.1-.9-2-2-2z"
                        />
                      </svg>
                    </span>
                  </div>
                  <div
                    class="MuiListItemText-root MuiListItemText-multiline search-revision-item-text css-konndc-MuiListItemText-root"
                  >
                    <span
                      class="MuiTypography-root MuiTypography-body1 MuiTypography-noWrap MuiListItemText-primary css-ubpm07-MuiTypography-root"
                    >
                      <span
                        class="MuiTypography-root MuiTypography-body2 revision-hash css-1n4m7wi-MuiTypography-root"
                      >
                        spamspam
                      </span>
                      <div
                        class="info-caption"
                      >
                        <div
                          class="info-caption-item item-author"
                        >
                           
                          <svg
                            aria-hidden="true"
                            class="MuiSvgIcon-root MuiSvgIcon-fontSizeSmall mail-icon css-1mecf1h-MuiSvgIcon-root"
                            data-testid="MailOutlineOutlinedIcon"
                            focusable="false"
                            viewBox="0 0 24 24"
                          >
                            <path
                              d="M20 4H4c-1.1 0-1.99.9-1.99 2L2 18c0 1.1.9 2 2 2h16c1.1 0 2-.9 2-2V6c0-1.1-.9-2-2-2zm0 14H4V8l8 5 8-5v10zm-8-7L4 6h16l-8 5z"
                            />
                          </svg>
                           
                          terrygilliam@python.com
                        </div>
                        <div
                          class="info-caption-item item-time"
                        >
                          <svg
                            aria-hidden="true"
                            class="MuiSvgIcon-root MuiSvgIcon-fontSizeSmall time-icon css-1mecf1h-MuiSvgIcon-root"
                            data-testid="AccessTimeOutlinedIcon"
                            focusable="false"
                            viewBox="0 0 24 24"
                          >
                            <path
                              d="M11.99 2C6.47 2 2 6.48 2 12s4.47 10 9.99 10C17.52 22 22 17.52 22 12S17.52 2 11.99 2zM12 20c-4.42 0-8-3.58-8-8s3.58-8 8-8 8 3.58 8 8-3.58 8-8 8zm.5-13H11v6l5.25 3.15.75-1.23-4.5-2.67z"
                            />
                          </svg>
                          07/29/87 00:00
                        </div>
                      </div>
                    </span>
                    <p
                      class="MuiTypography-root MuiTypography-body2 MuiTypography-noWrap MuiListItemText-secondary css-3a763r-MuiTypography-root"
                    >
                      What, ridden on a horse? 
                    </p>
                  </div>
                </li>
              </div>
              <div
                class="MuiButtonBase-root MuiListItemButton-root MuiListItemButton-gutters MuiListItemButton-root MuiListItemButton-gutters f1ht8qkz css-1gopsaf-MuiButtonBase-root-MuiListItemButton-root"
                role="button"
                tabindex="0"
              >
                <li
                  class="MuiListItem-root MuiListItem-gutters search-revision-item search-revision css-1nxmd3h-MuiListItem-root"
                >
                  <div
                    class="MuiListItemIcon-root search-revision-item-icon search-revision css-cveggr-MuiListItemIcon-root"
                  >
                    <span
                      class="MuiButtonBase-root MuiCheckbox-root MuiCheckbox-colorPrimary PrivateSwitchBase-root MuiCheckbox-root MuiCheckbox-colorPrimary PrivateSwitchBase-edgeStart MuiCheckbox-root MuiCheckbox-colorPrimary search-revision-item-checkbox css-zkqepn-MuiButtonBase-root-MuiCheckbox-root"
                      data-testid="checkbox-3"
                    >
                      <input
                        class="PrivateSwitchBase-input css-1m9pwf3"
                        data-indeterminate="false"
                        tabindex="-1"
                        type="checkbox"
                      />
                      <svg
                        aria-hidden="true"
                        class="MuiSvgIcon-root MuiSvgIcon-fontSizeMedium css-fuz6rv-MuiSvgIcon-root"
                        data-testid="CheckBoxOutlineBlankIcon"
                        focusable="false"
                        viewBox="0 0 24 24"
                      >
                        <path
                          d="M19 5v14H5V5h14m0-2H5c-1.1 0-2 .9-2 2v14c0 1.1.9 2 2 2h14c1.1 0 2-.9 2-2V5c0-1.1-.9-2-2-2z"
                        />
                      </svg>
                    </span>
                  </div>
                  <div
                    class="MuiListItemText-root MuiListItemText-multiline search-revision-item-text css-konndc-MuiListItemText-root"
                  >
                    <span
                      class="MuiTypography-root MuiTypography-body1 MuiTypography-noWrap MuiListItemText-primary css-ubpm07-MuiTypography-root"
                    >
                      <span
                        class="MuiTypography-root MuiTypography-body2 revision-hash css-1n4m7wi-MuiTypography-root"
                      >
                        spamspamspam
                      </span>
                      <div
                        class="info-caption"
                      >
                        <div
                          class="info-caption-item item-author"
                        >
                           
                          <svg
                            aria-hidden="true"
                            class="MuiSvgIcon-root MuiSvgIcon-fontSizeSmall mail-icon css-1mecf1h-MuiSvgIcon-root"
                            data-testid="MailOutlineOutlinedIcon"
                            focusable="false"
                            viewBox="0 0 24 24"
                          >
                            <path
                              d="M20 4H4c-1.1 0-1.99.9-1.99 2L2 18c0 1.1.9 2 2 2h16c1.1 0 2-.9 2-2V6c0-1.1-.9-2-2-2zm0 14H4V8l8 5 8-5v10zm-8-7L4 6h16l-8 5z"
                            />
                          </svg>
                           
                          michaelpalin@python.com
                        </div>
                        <div
                          class="info-caption-item item-time"
                        >
                          <svg
                            aria-hidden="true"
                            class="MuiSvgIcon-root MuiSvgIcon-fontSizeSmall time-icon css-1mecf1h-MuiSvgIcon-root"
                            data-testid="AccessTimeOutlinedIcon"
                            focusable="false"
                            viewBox="0 0 24 24"
                          >
                            <path
                              d="M11.99 2C6.47 2 2 6.48 2 12s4.47 10 9.99 10C17.52 22 22 17.52 22 12S17.52 2 11.99 2zM12 20c-4.42 0-8-3.58-8-8s3.58-8 8-8 8 3.58 8 8-3.58 8-8 8zm.5-13H11v6l5.25 3.15.75-1.23-4.5-2.67z"
                            />
                          </svg>
                          07/04/20 00:00
                        </div>
                      </div>
                    </span>
                    <p
                      class="MuiTypography-root MuiTypography-body2 MuiTypography-noWrap MuiListItemText-secondary css-3a763r-MuiTypography-root"
                    >
                      You've got two empty 'alves of coconuts and you're bangin' 'em togetha! 
                    </p>
                  </div>
                </li>
              </div>
              <div
                class="MuiButtonBase-root MuiListItemButton-root MuiListItemButton-gutters MuiListItemButton-root MuiListItemButton-gutters f1ht8qkz css-1gopsaf-MuiButtonBase-root-MuiListItemButton-root"
                role="button"
                tabindex="0"
              >
                <li
                  class="MuiListItem-root MuiListItem-gutters search-revision-item search-revision css-1nxmd3h-MuiListItem-root"
                >
                  <div
                    class="MuiListItemIcon-root search-revision-item-icon search-revision css-cveggr-MuiListItemIcon-root"
                  >
                    <span
                      class="MuiButtonBase-root MuiCheckbox-root MuiCheckbox-colorPrimary PrivateSwitchBase-root MuiCheckbox-root MuiCheckbox-colorPrimary PrivateSwitchBase-edgeStart MuiCheckbox-root MuiCheckbox-colorPrimary search-revision-item-checkbox css-zkqepn-MuiButtonBase-root-MuiCheckbox-root"
                      data-testid="checkbox-4"
                    >
                      <input
                        class="PrivateSwitchBase-input css-1m9pwf3"
                        data-indeterminate="false"
                        tabindex="-1"
                        type="checkbox"
                      />
                      <svg
                        aria-hidden="true"
                        class="MuiSvgIcon-root MuiSvgIcon-fontSizeMedium css-fuz6rv-MuiSvgIcon-root"
                        data-testid="CheckBoxOutlineBlankIcon"
                        focusable="false"
                        viewBox="0 0 24 24"
                      >
                        <path
                          d="M19 5v14H5V5h14m0-2H5c-1.1 0-2 .9-2 2v14c0 1.1.9 2 2 2h14c1.1 0 2-.9 2-2V5c0-1.1-.9-2-2-2z"
                        />
                      </svg>
                    </span>
                  </div>
                  <div
                    class="MuiListItemText-root MuiListItemText-multiline search-revision-item-text css-konndc-MuiListItemText-root"
                  >
                    <span
                      class="MuiTypography-root MuiTypography-body1 MuiTypography-noWrap MuiListItemText-primary css-ubpm07-MuiTypography-root"
                    >
                      <span
                        class="MuiTypography-root MuiTypography-body2 revision-hash css-1n4m7wi-MuiTypography-root"
                      >
                        spamspamspam
                      </span>
                      <div
                        class="info-caption"
                      >
                        <div
                          class="info-caption-item item-author"
                        >
                           
                          <svg
                            aria-hidden="true"
                            class="MuiSvgIcon-root MuiSvgIcon-fontSizeSmall mail-icon css-1mecf1h-MuiSvgIcon-root"
                            data-testid="MailOutlineOutlinedIcon"
                            focusable="false"
                            viewBox="0 0 24 24"
                          >
                            <path
                              d="M20 4H4c-1.1 0-1.99.9-1.99 2L2 18c0 1.1.9 2 2 2h16c1.1 0 2-.9 2-2V6c0-1.1-.9-2-2-2zm0 14H4V8l8 5 8-5v10zm-8-7L4 6h16l-8 5z"
                            />
                          </svg>
                           
                          grahamchapman@python.com
                        </div>
                        <div
                          class="info-caption-item item-time"
                        >
                          <svg
                            aria-hidden="true"
                            class="MuiSvgIcon-root MuiSvgIcon-fontSizeSmall time-icon css-1mecf1h-MuiSvgIcon-root"
                            data-testid="AccessTimeOutlinedIcon"
                            focusable="false"
                            viewBox="0 0 24 24"
                          >
                            <path
                              d="M11.99 2C6.47 2 2 6.48 2 12s4.47 10 9.99 10C17.52 22 22 17.52 22 12S17.52 2 11.99 2zM12 20c-4.42 0-8-3.58-8-8s3.58-8 8-8 8 3.58 8 8-3.58 8-8 8zm.5-13H11v6l5.25 3.15.75-1.23-4.5-2.67z"
                            />
                          </svg>
                          04/13/22 00:00
                        </div>
                      </div>
                    </span>
                    <p
                      class="MuiTypography-root MuiTypography-body2 MuiTypography-noWrap MuiListItemText-secondary css-3a763r-MuiTypography-root"
                    >
                      It got better... 
                    </p>
                  </div>
                </li>
              </div>
            </ul>
          </div>
          <button
            aria-label="add revisions"
            class="MuiButtonBase-root MuiButton-root MuiButton-outlined MuiButton-outlinedPrimary MuiButton-sizeSmall MuiButton-outlinedSizeSmall MuiButton-fullWidth MuiButton-root MuiButton-outlined MuiButton-outlinedPrimary MuiButton-sizeSmall MuiButton-outlinedSizeSmall MuiButton-fullWidth add-revision-button css-93ld8d-MuiButtonBase-root-MuiButton-root"
            id="add-revision-button"
            tabindex="0"
            type="button"
          >
            Add to compare
          </button>
        </div>
        <div
          class="MuiGrid-root MuiGrid-item MuiGrid-grid-xs-9 css-124ajok-MuiGrid-root"
        />
        <div
          class="MuiGrid-root MuiGrid-item MuiGrid-grid-xs-12 css-1wy3zaw-MuiGrid-root"
        >
          <div
            class="MuiBox-root css-jj0rrt"
            id="search-results-list"
          >
            <ul
              class="MuiList-root MuiList-padding css-1fc0pkb-MuiList-root"
            >
              <div
                class="MuiButtonBase-root MuiListItemButton-root MuiListItemButton-gutters MuiListItemButton-root MuiListItemButton-gutters f1ht8qkz css-1gopsaf-MuiButtonBase-root-MuiListItemButton-root"
                role="button"
                tabindex="0"
              >
                <li
                  class="MuiListItem-root MuiListItem-gutters search-revision-item search-revision css-1nxmd3h-MuiListItem-root"
                >
                  <div
                    class="MuiListItemIcon-root search-revision-item-icon search-revision css-cveggr-MuiListItemIcon-root"
                  >
                    <span
                      class="MuiButtonBase-root MuiCheckbox-root MuiCheckbox-colorPrimary PrivateSwitchBase-root MuiCheckbox-root MuiCheckbox-colorPrimary PrivateSwitchBase-edgeStart MuiCheckbox-root MuiCheckbox-colorPrimary search-revision-item-checkbox css-zkqepn-MuiButtonBase-root-MuiCheckbox-root"
                      data-testid="checkbox-0"
                    >
                      <input
                        class="PrivateSwitchBase-input css-1m9pwf3"
                        data-indeterminate="false"
                        tabindex="-1"
                        type="checkbox"
                      />
                      <svg
                        aria-hidden="true"
                        class="MuiSvgIcon-root MuiSvgIcon-fontSizeMedium css-fuz6rv-MuiSvgIcon-root"
                        data-testid="CheckBoxOutlineBlankIcon"
                        focusable="false"
                        viewBox="0 0 24 24"
                      >
                        <path
                          d="M19 5v14H5V5h14m0-2H5c-1.1 0-2 .9-2 2v14c0 1.1.9 2 2 2h14c1.1 0 2-.9 2-2V5c0-1.1-.9-2-2-2z"
                        />
                      </svg>
                    </span>
                  </div>
                  <div
                    class="MuiListItemText-root MuiListItemText-multiline search-revision-item-text css-konndc-MuiListItemText-root"
                  >
                    <span
                      class="MuiTypography-root MuiTypography-body1 MuiTypography-noWrap MuiListItemText-primary css-ubpm07-MuiTypography-root"
                    >
                      <span
                        class="MuiTypography-root MuiTypography-body2 revision-hash css-1n4m7wi-MuiTypography-root"
                      >
                        coconut
                      </span>
                      <div
                        class="info-caption"
                      >
                        <div
                          class="info-caption-item item-author"
                        >
                           
                          <svg
                            aria-hidden="true"
                            class="MuiSvgIcon-root MuiSvgIcon-fontSizeSmall mail-icon css-1mecf1h-MuiSvgIcon-root"
                            data-testid="MailOutlineOutlinedIcon"
                            focusable="false"
                            viewBox="0 0 24 24"
                          >
                            <path
                              d="M20 4H4c-1.1 0-1.99.9-1.99 2L2 18c0 1.1.9 2 2 2h16c1.1 0 2-.9 2-2V6c0-1.1-.9-2-2-2zm0 14H4V8l8 5 8-5v10zm-8-7L4 6h16l-8 5z"
                            />
                          </svg>
                           
                          johncleese@python.com
                        </div>
                        <div
                          class="info-caption-item item-time"
                        >
                          <svg
                            aria-hidden="true"
                            class="MuiSvgIcon-root MuiSvgIcon-fontSizeSmall time-icon css-1mecf1h-MuiSvgIcon-root"
                            data-testid="AccessTimeOutlinedIcon"
                            focusable="false"
                            viewBox="0 0 24 24"
                          >
                            <path
                              d="M11.99 2C6.47 2 2 6.48 2 12s4.47 10 9.99 10C17.52 22 22 17.52 22 12S17.52 2 11.99 2zM12 20c-4.42 0-8-3.58-8-8s3.58-8 8-8 8 3.58 8 8-3.58 8-8 8zm.5-13H11v6l5.25 3.15.75-1.23-4.5-2.67z"
                            />
                          </svg>
                          03/29/51 00:00
                        </div>
                      </div>
                    </span>
                    <p
                      class="MuiTypography-root MuiTypography-body2 MuiTypography-noWrap MuiListItemText-secondary css-3a763r-MuiTypography-root"
                    >
                      you've got no arms left! 
                    </p>
                  </div>
                </li>
              </div>
              <div
                class="MuiButtonBase-root MuiListItemButton-root MuiListItemButton-gutters MuiListItemButton-root MuiListItemButton-gutters f1ht8qkz css-1gopsaf-MuiButtonBase-root-MuiListItemButton-root"
                role="button"
                tabindex="0"
              >
                <li
                  class="MuiListItem-root MuiListItem-gutters search-revision-item search-revision css-1nxmd3h-MuiListItem-root"
                >
                  <div
                    class="MuiListItemIcon-root search-revision-item-icon search-revision css-cveggr-MuiListItemIcon-root"
                  >
                    <span
                      class="MuiButtonBase-root MuiCheckbox-root MuiCheckbox-colorPrimary PrivateSwitchBase-root MuiCheckbox-root MuiCheckbox-colorPrimary PrivateSwitchBase-edgeStart MuiCheckbox-root MuiCheckbox-colorPrimary search-revision-item-checkbox css-zkqepn-MuiButtonBase-root-MuiCheckbox-root"
                      data-testid="checkbox-1"
                    >
                      <input
                        class="PrivateSwitchBase-input css-1m9pwf3"
                        data-indeterminate="false"
                        tabindex="-1"
                        type="checkbox"
                      />
                      <svg
                        aria-hidden="true"
                        class="MuiSvgIcon-root MuiSvgIcon-fontSizeMedium css-fuz6rv-MuiSvgIcon-root"
                        data-testid="CheckBoxOutlineBlankIcon"
                        focusable="false"
                        viewBox="0 0 24 24"
                      >
                        <path
                          d="M19 5v14H5V5h14m0-2H5c-1.1 0-2 .9-2 2v14c0 1.1.9 2 2 2h14c1.1 0 2-.9 2-2V5c0-1.1-.9-2-2-2z"
                        />
                      </svg>
                    </span>
                  </div>
                  <div
                    class="MuiListItemText-root MuiListItemText-multiline search-revision-item-text css-konndc-MuiListItemText-root"
                  >
                    <span
                      class="MuiTypography-root MuiTypography-body1 MuiTypography-noWrap MuiListItemText-primary css-ubpm07-MuiTypography-root"
                    >
                      <span
                        class="MuiTypography-root MuiTypography-body2 revision-hash css-1n4m7wi-MuiTypography-root"
                      >
                        spam
                      </span>
                      <div
                        class="info-caption"
                      >
                        <div
                          class="info-caption-item item-author"
                        >
                           
                          <svg
                            aria-hidden="true"
                            class="MuiSvgIcon-root MuiSvgIcon-fontSizeSmall mail-icon css-1mecf1h-MuiSvgIcon-root"
                            data-testid="MailOutlineOutlinedIcon"
                            focusable="false"
                            viewBox="0 0 24 24"
                          >
                            <path
                              d="M20 4H4c-1.1 0-1.99.9-1.99 2L2 18c0 1.1.9 2 2 2h16c1.1 0 2-.9 2-2V6c0-1.1-.9-2-2-2zm0 14H4V8l8 5 8-5v10zm-8-7L4 6h16l-8 5z"
                            />
                          </svg>
                           
                          ericidle@python.com
                        </div>
                        <div
                          class="info-caption-item item-time"
                        >
                          <svg
                            aria-hidden="true"
                            class="MuiSvgIcon-root MuiSvgIcon-fontSizeSmall time-icon css-1mecf1h-MuiSvgIcon-root"
                            data-testid="AccessTimeOutlinedIcon"
                            focusable="false"
                            viewBox="0 0 24 24"
                          >
                            <path
                              d="M11.99 2C6.47 2 2 6.48 2 12s4.47 10 9.99 10C17.52 22 22 17.52 22 12S17.52 2 11.99 2zM12 20c-4.42 0-8-3.58-8-8s3.58-8 8-8 8 3.58 8 8-3.58 8-8 8zm.5-13H11v6l5.25 3.15.75-1.23-4.5-2.67z"
                            />
                          </svg>
                          02/22/58 00:00
                        </div>
                      </div>
                    </span>
                    <p
                      class="MuiTypography-root MuiTypography-body2 MuiTypography-noWrap MuiListItemText-secondary css-3a763r-MuiTypography-root"
                    >
                      it's just a flesh wound 
                    </p>
                  </div>
                </li>
              </div>
              <div
                class="MuiButtonBase-root MuiListItemButton-root MuiListItemButton-gutters MuiListItemButton-root MuiListItemButton-gutters f1ht8qkz css-1gopsaf-MuiButtonBase-root-MuiListItemButton-root"
                role="button"
                tabindex="0"
              >
                <li
                  class="MuiListItem-root MuiListItem-gutters search-revision-item search-revision css-1nxmd3h-MuiListItem-root"
                >
                  <div
                    class="MuiListItemIcon-root search-revision-item-icon search-revision css-cveggr-MuiListItemIcon-root"
                  >
                    <span
                      class="MuiButtonBase-root MuiCheckbox-root MuiCheckbox-colorPrimary PrivateSwitchBase-root MuiCheckbox-root MuiCheckbox-colorPrimary PrivateSwitchBase-edgeStart MuiCheckbox-root MuiCheckbox-colorPrimary search-revision-item-checkbox css-zkqepn-MuiButtonBase-root-MuiCheckbox-root"
                      data-testid="checkbox-2"
                    >
                      <input
                        class="PrivateSwitchBase-input css-1m9pwf3"
                        data-indeterminate="false"
                        tabindex="-1"
                        type="checkbox"
                      />
                      <svg
                        aria-hidden="true"
                        class="MuiSvgIcon-root MuiSvgIcon-fontSizeMedium css-fuz6rv-MuiSvgIcon-root"
                        data-testid="CheckBoxOutlineBlankIcon"
                        focusable="false"
                        viewBox="0 0 24 24"
                      >
                        <path
                          d="M19 5v14H5V5h14m0-2H5c-1.1 0-2 .9-2 2v14c0 1.1.9 2 2 2h14c1.1 0 2-.9 2-2V5c0-1.1-.9-2-2-2z"
                        />
                      </svg>
                    </span>
                  </div>
                  <div
                    class="MuiListItemText-root MuiListItemText-multiline search-revision-item-text css-konndc-MuiListItemText-root"
                  >
                    <span
                      class="MuiTypography-root MuiTypography-body1 MuiTypography-noWrap MuiListItemText-primary css-ubpm07-MuiTypography-root"
                    >
                      <span
                        class="MuiTypography-root MuiTypography-body2 revision-hash css-1n4m7wi-MuiTypography-root"
                      >
                        spamspam
                      </span>
                      <div
                        class="info-caption"
                      >
                        <div
                          class="info-caption-item item-author"
                        >
                           
                          <svg
                            aria-hidden="true"
                            class="MuiSvgIcon-root MuiSvgIcon-fontSizeSmall mail-icon css-1mecf1h-MuiSvgIcon-root"
                            data-testid="MailOutlineOutlinedIcon"
                            focusable="false"
                            viewBox="0 0 24 24"
                          >
                            <path
                              d="M20 4H4c-1.1 0-1.99.9-1.99 2L2 18c0 1.1.9 2 2 2h16c1.1 0 2-.9 2-2V6c0-1.1-.9-2-2-2zm0 14H4V8l8 5 8-5v10zm-8-7L4 6h16l-8 5z"
                            />
                          </svg>
                           
                          terrygilliam@python.com
                        </div>
                        <div
                          class="info-caption-item item-time"
                        >
                          <svg
                            aria-hidden="true"
                            class="MuiSvgIcon-root MuiSvgIcon-fontSizeSmall time-icon css-1mecf1h-MuiSvgIcon-root"
                            data-testid="AccessTimeOutlinedIcon"
                            focusable="false"
                            viewBox="0 0 24 24"
                          >
                            <path
                              d="M11.99 2C6.47 2 2 6.48 2 12s4.47 10 9.99 10C17.52 22 22 17.52 22 12S17.52 2 11.99 2zM12 20c-4.42 0-8-3.58-8-8s3.58-8 8-8 8 3.58 8 8-3.58 8-8 8zm.5-13H11v6l5.25 3.15.75-1.23-4.5-2.67z"
                            />
                          </svg>
                          07/29/87 00:00
                        </div>
                      </div>
                    </span>
                    <p
                      class="MuiTypography-root MuiTypography-body2 MuiTypography-noWrap MuiListItemText-secondary css-3a763r-MuiTypography-root"
                    >
                      What, ridden on a horse? 
                    </p>
                  </div>
                </li>
              </div>
              <div
                class="MuiButtonBase-root MuiListItemButton-root MuiListItemButton-gutters MuiListItemButton-root MuiListItemButton-gutters f1ht8qkz css-1gopsaf-MuiButtonBase-root-MuiListItemButton-root"
                role="button"
                tabindex="0"
              >
                <li
                  class="MuiListItem-root MuiListItem-gutters search-revision-item search-revision css-1nxmd3h-MuiListItem-root"
                >
                  <div
                    class="MuiListItemIcon-root search-revision-item-icon search-revision css-cveggr-MuiListItemIcon-root"
                  >
                    <span
                      class="MuiButtonBase-root MuiCheckbox-root MuiCheckbox-colorPrimary PrivateSwitchBase-root MuiCheckbox-root MuiCheckbox-colorPrimary PrivateSwitchBase-edgeStart MuiCheckbox-root MuiCheckbox-colorPrimary search-revision-item-checkbox css-zkqepn-MuiButtonBase-root-MuiCheckbox-root"
                      data-testid="checkbox-3"
                    >
                      <input
                        class="PrivateSwitchBase-input css-1m9pwf3"
                        data-indeterminate="false"
                        tabindex="-1"
                        type="checkbox"
                      />
                      <svg
                        aria-hidden="true"
                        class="MuiSvgIcon-root MuiSvgIcon-fontSizeMedium css-fuz6rv-MuiSvgIcon-root"
                        data-testid="CheckBoxOutlineBlankIcon"
                        focusable="false"
                        viewBox="0 0 24 24"
                      >
                        <path
                          d="M19 5v14H5V5h14m0-2H5c-1.1 0-2 .9-2 2v14c0 1.1.9 2 2 2h14c1.1 0 2-.9 2-2V5c0-1.1-.9-2-2-2z"
                        />
                      </svg>
                    </span>
                  </div>
                  <div
                    class="MuiListItemText-root MuiListItemText-multiline search-revision-item-text css-konndc-MuiListItemText-root"
                  >
                    <span
                      class="MuiTypography-root MuiTypography-body1 MuiTypography-noWrap MuiListItemText-primary css-ubpm07-MuiTypography-root"
                    >
                      <span
                        class="MuiTypography-root MuiTypography-body2 revision-hash css-1n4m7wi-MuiTypography-root"
                      >
                        spamspamspam
                      </span>
                      <div
                        class="info-caption"
                      >
                        <div
                          class="info-caption-item item-author"
                        >
                           
                          <svg
                            aria-hidden="true"
                            class="MuiSvgIcon-root MuiSvgIcon-fontSizeSmall mail-icon css-1mecf1h-MuiSvgIcon-root"
                            data-testid="MailOutlineOutlinedIcon"
                            focusable="false"
                            viewBox="0 0 24 24"
                          >
                            <path
                              d="M20 4H4c-1.1 0-1.99.9-1.99 2L2 18c0 1.1.9 2 2 2h16c1.1 0 2-.9 2-2V6c0-1.1-.9-2-2-2zm0 14H4V8l8 5 8-5v10zm-8-7L4 6h16l-8 5z"
                            />
                          </svg>
                           
                          michaelpalin@python.com
                        </div>
                        <div
                          class="info-caption-item item-time"
                        >
                          <svg
                            aria-hidden="true"
                            class="MuiSvgIcon-root MuiSvgIcon-fontSizeSmall time-icon css-1mecf1h-MuiSvgIcon-root"
                            data-testid="AccessTimeOutlinedIcon"
                            focusable="false"
                            viewBox="0 0 24 24"
                          >
                            <path
                              d="M11.99 2C6.47 2 2 6.48 2 12s4.47 10 9.99 10C17.52 22 22 17.52 22 12S17.52 2 11.99 2zM12 20c-4.42 0-8-3.58-8-8s3.58-8 8-8 8 3.58 8 8-3.58 8-8 8zm.5-13H11v6l5.25 3.15.75-1.23-4.5-2.67z"
                            />
                          </svg>
                          07/04/20 00:00
                        </div>
                      </div>
                    </span>
                    <p
                      class="MuiTypography-root MuiTypography-body2 MuiTypography-noWrap MuiListItemText-secondary css-3a763r-MuiTypography-root"
                    >
                      You've got two empty 'alves of coconuts and you're bangin' 'em togetha! 
                    </p>
                  </div>
                </li>
              </div>
              <div
                class="MuiButtonBase-root MuiListItemButton-root MuiListItemButton-gutters MuiListItemButton-root MuiListItemButton-gutters f1ht8qkz css-1gopsaf-MuiButtonBase-root-MuiListItemButton-root"
                role="button"
                tabindex="0"
              >
                <li
                  class="MuiListItem-root MuiListItem-gutters search-revision-item search-revision css-1nxmd3h-MuiListItem-root"
                >
                  <div
                    class="MuiListItemIcon-root search-revision-item-icon search-revision css-cveggr-MuiListItemIcon-root"
                  >
                    <span
                      class="MuiButtonBase-root MuiCheckbox-root MuiCheckbox-colorPrimary PrivateSwitchBase-root MuiCheckbox-root MuiCheckbox-colorPrimary PrivateSwitchBase-edgeStart MuiCheckbox-root MuiCheckbox-colorPrimary search-revision-item-checkbox css-zkqepn-MuiButtonBase-root-MuiCheckbox-root"
                      data-testid="checkbox-4"
                    >
                      <input
                        class="PrivateSwitchBase-input css-1m9pwf3"
                        data-indeterminate="false"
                        tabindex="-1"
                        type="checkbox"
                      />
                      <svg
                        aria-hidden="true"
                        class="MuiSvgIcon-root MuiSvgIcon-fontSizeMedium css-fuz6rv-MuiSvgIcon-root"
                        data-testid="CheckBoxOutlineBlankIcon"
                        focusable="false"
                        viewBox="0 0 24 24"
                      >
                        <path
                          d="M19 5v14H5V5h14m0-2H5c-1.1 0-2 .9-2 2v14c0 1.1.9 2 2 2h14c1.1 0 2-.9 2-2V5c0-1.1-.9-2-2-2z"
                        />
                      </svg>
                    </span>
                  </div>
                  <div
                    class="MuiListItemText-root MuiListItemText-multiline search-revision-item-text css-konndc-MuiListItemText-root"
                  >
                    <span
                      class="MuiTypography-root MuiTypography-body1 MuiTypography-noWrap MuiListItemText-primary css-ubpm07-MuiTypography-root"
                    >
                      <span
                        class="MuiTypography-root MuiTypography-body2 revision-hash css-1n4m7wi-MuiTypography-root"
                      >
                        spamspamspam
                      </span>
                      <div
                        class="info-caption"
                      >
                        <div
                          class="info-caption-item item-author"
                        >
                           
                          <svg
                            aria-hidden="true"
                            class="MuiSvgIcon-root MuiSvgIcon-fontSizeSmall mail-icon css-1mecf1h-MuiSvgIcon-root"
                            data-testid="MailOutlineOutlinedIcon"
                            focusable="false"
                            viewBox="0 0 24 24"
                          >
                            <path
                              d="M20 4H4c-1.1 0-1.99.9-1.99 2L2 18c0 1.1.9 2 2 2h16c1.1 0 2-.9 2-2V6c0-1.1-.9-2-2-2zm0 14H4V8l8 5 8-5v10zm-8-7L4 6h16l-8 5z"
                            />
                          </svg>
                           
                          grahamchapman@python.com
                        </div>
                        <div
                          class="info-caption-item item-time"
                        >
                          <svg
                            aria-hidden="true"
                            class="MuiSvgIcon-root MuiSvgIcon-fontSizeSmall time-icon css-1mecf1h-MuiSvgIcon-root"
                            data-testid="AccessTimeOutlinedIcon"
                            focusable="false"
                            viewBox="0 0 24 24"
                          >
                            <path
                              d="M11.99 2C6.47 2 2 6.48 2 12s4.47 10 9.99 10C17.52 22 22 17.52 22 12S17.52 2 11.99 2zM12 20c-4.42 0-8-3.58-8-8s3.58-8 8-8 8 3.58 8 8-3.58 8-8 8zm.5-13H11v6l5.25 3.15.75-1.23-4.5-2.67z"
                            />
                          </svg>
                          04/13/22 00:00
                        </div>
                      </div>
                    </span>
                    <p
                      class="MuiTypography-root MuiTypography-body2 MuiTypography-noWrap MuiListItemText-secondary css-3a763r-MuiTypography-root"
                    >
                      It got better... 
                    </p>
                  </div>
                </li>
              </div>
            </ul>
          </div>
        </div>
      </div>
    </div>
  </div>
</body>
`;
