// Jest Snapshot v1, https://goo.gl/fbAQLP

exports[`CompareResults View Should match snapshot 1`] = `
<body>
  <div>
    <div
      class="MuiContainer-root MuiContainer-maxWidthXl css-bnm5sm-MuiContainer-root"
      data-testid="beta-version-compare-results"
    >
      <div
        class="header-container MuiBox-root css-0"
      >
        <div
          class="MuiTypography-root MuiTypography-h1 MuiTypography-alignCenter MuiTypography-gutterBottom perfcompare-header css-160ox9e-MuiTypography-root"
        >
          PerfCompare
        </div>
      </div>
      <div
        class="MuiGrid-root MuiGrid-container css-3s5eoc-MuiGrid-root"
      >
        <div
          class="MuiGrid-root MuiGrid-item MuiGrid-grid-xs-10 css-1kdp64o-MuiGrid-root"
        >
          Beta version
        </div>
        <div
          class="MuiGrid-root MuiGrid-item MuiGrid-grid-xs-12 css-z2teic-MuiGrid-root"
        />
      </div>
    </div>
  </div>
</body>
`;
