// Jest Snapshot v1, https://goo.gl/fbAQLP

exports[`Results View Should match snapshot 1`] = `
<body>
  <div>
    <div
      class="MuiContainer-root MuiContainer-maxWidthXl css-bnm5sm-MuiContainer-root"
      data-testid="beta-version-compare-results"
    >
      <div
        class="header-container MuiBox-root css-0"
      >
        <div
          class="MuiTypography-root MuiTypography-h1 MuiTypography-alignCenter MuiTypography-gutterBottom perfcompare-header css-160ox9e-MuiTypography-root"
        >
          PerfCompare
        </div>
      </div>
      <div
        class="MuiGrid-root MuiGrid-container css-3s5eoc-MuiGrid-root"
      >
        <div
          class="MuiGrid-root MuiGrid-item MuiGrid-grid-xs-10 css-1kdp64o-MuiGrid-root"
        >
          Beta version
        </div>
        <div
          class="MuiGrid-root MuiGrid-item MuiGrid-grid-xs-12 css-z2teic-MuiGrid-root"
        >
          <div
            class="MuiContainer-root MuiContainer-maxWidthLg f1ctei50 css-1tyv3cf-MuiContainer-root"
            data-testid="results-main"
          >
            <header>
              <div
                class="fwgc60z"
              >
                Results
              </div>
              <div
                class="f62ucbu"
                data-testid="search-by-title-test-name"
              >
                <div
                  class="form-container"
                >
                  <div
                    class="MuiFormControl-root css-1nrlq1o-MuiFormControl-root"
                  >
                    <div
                      class="MuiFormControl-root MuiTextField-root css-1u3bzj6-MuiFormControl-root-MuiTextField-root"
                    >
                      <div
                        class="MuiInputBase-root MuiOutlinedInput-root MuiInputBase-colorPrimary Mui-disabled MuiInputBase-formControl MuiInputBase-sizeSmall MuiInputBase-adornedStart MuiInputBase-adornedEnd css-mgtwjq-MuiInputBase-root-MuiOutlinedInput-root"
                      >
                        <div
                          class="MuiInputAdornment-root MuiInputAdornment-positionStart MuiInputAdornment-outlined MuiInputAdornment-sizeSmall css-7mv699-MuiInputAdornment-root"
                        >
                          <span
                            class="notranslate"
                          >
                            ​
                          </span>
                          <svg
                            aria-hidden="true"
                            class="MuiSvgIcon-root MuiSvgIcon-fontSizeMedium css-fuz6rv-MuiSvgIcon-root"
                            data-testid="SearchIcon"
                            focusable="false"
                            viewBox="0 0 24 24"
                          >
                            <path
                              d="M15.5 14h-.79l-.28-.27C15.41 12.59 16 11.11 16 9.5 16 5.91 13.09 3 9.5 3S3 5.91 3 9.5 5.91 16 9.5 16c1.61 0 3.09-.59 4.23-1.57l.27.28v.79l5 4.99L20.49 19l-4.99-5zm-6 0C7.01 14 5 11.99 5 9.5S7.01 5 9.5 5 14 7.01 14 9.5 11.99 14 9.5 14z"
                            />
                          </svg>
                        </div>
                        <input
                          aria-invalid="false"
                          class="MuiInputBase-input MuiOutlinedInput-input Mui-disabled MuiInputBase-inputSizeSmall MuiInputBase-inputAdornedStart MuiInputBase-inputAdornedEnd css-3w8qyn-MuiInputBase-input-MuiOutlinedInput-input"
                          disabled=""
                          id="search-revision-input"
                          placeholder="Search by title"
                          type="text"
                          value=""
                        />
                        <div
                          class="MuiInputAdornment-root MuiInputAdornment-positionEnd MuiInputAdornment-outlined MuiInputAdornment-sizeSmall css-zn4ba7-MuiInputAdornment-root"
                        >
                          <svg
                            aria-hidden="true"
                            class="MuiSvgIcon-root MuiSvgIcon-fontSizeMedium css-fuz6rv-MuiSvgIcon-root"
                            data-testid="CloseIcon"
                            focusable="false"
                            viewBox="0 0 24 24"
                          >
                            <path
                              d="M19 6.41 17.59 5 12 10.59 6.41 5 5 6.41 10.59 12 5 17.59 6.41 19 12 13.41 17.59 19 19 17.59 13.41 12z"
                            />
                          </svg>
                        </div>
                        <fieldset
                          aria-hidden="true"
                          class="MuiOutlinedInput-notchedOutline css-9425fu-MuiOutlinedInput-notchedOutline"
                        >
                          <legend
                            class="css-ihdtdm"
                          >
                            <span
                              class="notranslate"
                            >
                              ​
                            </span>
                          </legend>
                        </fieldset>
                      </div>
                    </div>
                  </div>
                </div>
                <button
                  class="MuiButtonBase-root MuiButton-root MuiButton-text MuiButton-textPrimary MuiButton-sizeMedium MuiButton-textSizeMedium Mui-disabled MuiButton-root MuiButton-text MuiButton-textPrimary MuiButton-sizeMedium MuiButton-textSizeMedium apply-button css-13uzf28-MuiButtonBase-root-MuiButton-root"
                  disabled=""
                  tabindex="-1"
                  type="button"
                >
                  Apply
                </button>
              </div>
            </header>
          </div>
        </div>
      </div>
    </div>
  </div>
</body>
`;
