// Jest Snapshot v1, https://goo.gl/fbAQLP

exports[`Search by title/test name Should match snapshot 1`] = `
<body>
  <div />
  <div />
  <div>
    <div
      class="fcndgf6"
      data-testid="beta-version-compare-results"
    >
      <div
        class="MuiGrid-root header-container container_flkg2b4 undefined css-plh9qo-MuiGrid-root"
      >
        <div
          class="toggle-dark-mode f4zotac MuiBox-root css-0"
        >
          <div
            class="MuiFormGroup-root css-dmmspl-MuiFormGroup-root"
          >
            <label
              class="MuiFormControlLabel-root MuiFormControlLabel-labelPlacementStart toggle-text css-z8chs3-MuiFormControlLabel-root"
            >
              <span
                class="MuiSwitch-root MuiSwitch-sizeMedium toggle-switch toggle-dark-mode css-julti5-MuiSwitch-root"
              >
                <span
                  class="MuiButtonBase-root MuiSwitch-switchBase MuiSwitch-colorPrimary PrivateSwitchBase-root MuiSwitch-switchBase MuiSwitch-colorPrimary css-1yg1ubd-MuiButtonBase-root-MuiSwitch-switchBase"
                >
                  <input
                    aria-label="Dark mode switch"
                    class="PrivateSwitchBase-input MuiSwitch-input css-1m9pwf3"
                    id="Dark mode"
                    name="toggle-dark-mode"
                    type="checkbox"
                  />
                  <span
                    class="MuiSwitch-thumb css-jsexje-MuiSwitch-thumb"
                  />
                  <span
                    class="MuiTouchRipple-root css-8je8zh-MuiTouchRipple-root"
                  />
                </span>
                <span
                  class="MuiSwitch-track css-1yjjitx-MuiSwitch-track"
                />
              </span>
              <span
                class="MuiTypography-root MuiTypography-body1 MuiFormControlLabel-label css-1giq4eh-MuiTypography-root"
              >
                Dark mode
              </span>
            </label>
          </div>
        </div>
        <div
          class="header-text MuiBox-root css-0"
        >
          <div
            class="MuiTypography-root MuiTypography-h1 MuiTypography-alignCenter MuiTypography-gutterBottom perfcompare-header css-160ox9e-MuiTypography-root"
          >
            PerfCompare
          </div>
        </div>
      </div>
      <section
        class="container_fs3wa1q"
      >
        <div
          class="MuiGrid-root wrapper css-plh9qo-MuiGrid-root"
        >
          <div
            class="compare-card-container compare-card-container--expanded container_fabrhot"
            data-testid="base-state"
          >
            <div
              class="compare-card-text cardText_f10ud7bq"
            >
              <div
                class="compare-card-title"
              >
                Compare with a base
              </div>
              <div
                class="compare-card-tagline"
              >
                Analyze differences between specific revisions.
              </div>
            </div>
            <div
              aria-label="two overlapping circles"
              class="compare-card-img compare-card-img--base"
            />
          </div>
          <div
            class="compare-card-container content-base content-base--expanded container_fabrhot "
          >
            <hr
              class="MuiDivider-root MuiDivider-fullWidth divider css-9mgopn-MuiDivider-root"
            />
            <div
              class="form-wrapper"
            >
              <div
                class="MuiGrid-root component_f14z0jsa css-plh9qo-MuiGrid-root"
              >
                <div
                  class="MuiGrid-root MuiGrid-container container_f790aiy css-1ljzhs0-MuiGrid-root"
                  id="base-search-container"
                >
                  <div
                    class="MuiGrid-root MuiGrid-item MuiGrid-grid-xs-2 base-search-dropdown dropDown_ffz7cf5 css-1awobkc-MuiGrid-root"
                    id="base_search-dropdown"
                  >
                    <div>
                      <div
                        class="MuiFormControl-root search-dropdown fzaj1pt css-1nrlq1o-MuiFormControl-root"
                      >
                        <label
                          class="MuiFormLabel-root MuiInputLabel-root MuiInputLabel-formControl MuiInputLabel-animated MuiInputLabel-shrink MuiInputLabel-sizeSmall MuiInputLabel-outlined MuiFormLabel-colorPrimary MuiFormLabel-filled MuiInputLabel-root MuiInputLabel-formControl MuiInputLabel-animated MuiInputLabel-shrink MuiInputLabel-sizeSmall MuiInputLabel-outlined dropdown-select-label css-11mbixr-MuiFormLabel-root-MuiInputLabel-root"
                          data-shrink="true"
                          id="select-repository-label"
                        >
                          Base
                          <svg
                            aria-hidden="true"
                            aria-label="The baseline revision (no changes) your revision will be compared against."
                            class="MuiSvgIcon-root MuiSvgIcon-fontSizeSmall dropdown-info-icon css-1mecf1h-MuiSvgIcon-root"
                            data-mui-internal-clone-element="true"
                            data-testid="InfoOutlinedIcon"
                            focusable="false"
                            viewBox="0 0 24 24"
                          >
                            <path
                              d="M11 7h2v2h-2zm0 4h2v6h-2zm1-9C6.48 2 2 6.48 2 12s4.48 10 10 10 10-4.48 10-10S17.52 2 12 2zm0 18c-4.41 0-8-3.59-8-8s3.59-8 8-8 8 3.59 8 8-3.59 8-8 8z"
                            />
                          </svg>
                        </label>
                        <div
                          class="MuiInputBase-root MuiInput-root MuiInput-underline MuiInputBase-colorPrimary MuiInputBase-formControl MuiInputBase-sizeSmall dropdown-select css-1q6aue5-MuiInputBase-root-MuiInput-root-MuiSelect-root"
                          data-testid="dropdown-select-base"
                        >
                          <div
                            aria-expanded="false"
                            aria-haspopup="listbox"
                            aria-labelledby="select-repository-label"
                            class="MuiSelect-select MuiSelect-standard MuiInputBase-input MuiInput-input MuiInputBase-inputSizeSmall css-1co7s6p-MuiSelect-select-MuiInputBase-input-MuiInput-input"
                            role="button"
                            tabindex="0"
                          >
                            try
                          </div>
                          <input
                            aria-hidden="true"
                            class="MuiSelect-nativeInput css-yf8vq0-MuiSelect-nativeInput"
                            tabindex="-1"
                            value="try"
                          />
                          <svg
                            aria-hidden="true"
                            class="MuiSvgIcon-root MuiSvgIcon-fontSizeMedium MuiSelect-icon MuiSelect-iconStandard css-o3okz2-MuiSvgIcon-root-MuiSelect-icon"
                            data-testid="ArrowDropDownIcon"
                            focusable="false"
                            viewBox="0 0 24 24"
                          >
                            <path
                              d="M7 10l5 5 5-5z"
                            />
                          </svg>
                        </div>
                      </div>
                    </div>
                  </div>
                  <div
                    class="MuiGrid-root MuiGrid-item MuiGrid-grid-xs-7 base-search-input  baseSearchInput_fim9qh9 css-17gmabg-MuiGrid-root"
                    id="base_search-input"
                  >
                    <div
                      class="MuiFormControl-root MuiFormControl-fullWidth fv98i7o css-q8hpuo-MuiFormControl-root"
                    >
                      <div
                        class="hide"
                      >
                        Block
                      </div>
                      <div
                        class="MuiFormControl-root MuiTextField-root search-text-field base css-1u3bzj6-MuiFormControl-root-MuiTextField-root"
                      >
                        <div
                          class="MuiInputBase-root MuiOutlinedInput-root MuiInputBase-colorPrimary MuiInputBase-formControl MuiInputBase-sizeSmall MuiInputBase-adornedStart css-1vjgbo6-MuiInputBase-root-MuiOutlinedInput-root"
                        >
                          <div
                            class="MuiInputAdornment-root MuiInputAdornment-positionEnd MuiInputAdornment-outlined MuiInputAdornment-sizeSmall css-yzzuft-MuiInputAdornment-root"
                          >
                            <svg
                              aria-hidden="true"
                              class="MuiSvgIcon-root MuiSvgIcon-fontSizeMedium css-fuz6rv-MuiSvgIcon-root"
                              data-testid="SearchIcon"
                              focusable="false"
                              viewBox="0 0 24 24"
                            >
                              <path
                                d="M15.5 14h-.79l-.28-.27C15.41 12.59 16 11.11 16 9.5 16 5.91 13.09 3 9.5 3S3 5.91 3 9.5 5.91 16 9.5 16c1.61 0 3.09-.59 4.23-1.57l.27.28v.79l5 4.99L20.49 19l-4.99-5zm-6 0C7.01 14 5 11.99 5 9.5S7.01 5 9.5 5 14 7.01 14 9.5 11.99 14 9.5 14z"
                              />
                            </svg>
                          </div>
                          <input
                            aria-invalid="false"
                            class="MuiInputBase-input MuiOutlinedInput-input MuiInputBase-inputSizeSmall MuiInputBase-inputAdornedStart css-jrmsot-MuiInputBase-input-MuiOutlinedInput-input"
                            id="search-base-input"
                            name="baseSearch"
                            placeholder="Search base by ID number or author email"
                            type="text"
                            value=""
                          />
                          <fieldset
                            aria-hidden="true"
                            class="MuiOutlinedInput-notchedOutline css-1d3z3hw-MuiOutlinedInput-notchedOutline"
                          >
                            <legend
                              class="css-ihdtdm"
                            >
                              <span
                                class="notranslate"
                              >
                                ​
                              </span>
                            </legend>
                          </fieldset>
                        </div>
                      </div>
                    </div>
                  </div>
                </div>
              </div>
              <div
                class="MuiGrid-root component_f14z0jsa css-plh9qo-MuiGrid-root"
              >
                <div
                  class="MuiGrid-root MuiGrid-container container_f790aiy css-1ljzhs0-MuiGrid-root"
                  id="new-search-container"
                >
                  <div
                    class="MuiGrid-root MuiGrid-item MuiGrid-grid-xs-2 new-search-dropdown dropDown_ffz7cf5 css-1awobkc-MuiGrid-root"
                    id="new_search-dropdown"
                  >
                    <div>
                      <div
                        class="MuiFormControl-root search-dropdown fzaj1pt css-1nrlq1o-MuiFormControl-root"
                      >
                        <label
                          class="MuiFormLabel-root MuiInputLabel-root MuiInputLabel-formControl MuiInputLabel-animated MuiInputLabel-shrink MuiInputLabel-sizeSmall MuiInputLabel-outlined MuiFormLabel-colorPrimary MuiFormLabel-filled MuiInputLabel-root MuiInputLabel-formControl MuiInputLabel-animated MuiInputLabel-shrink MuiInputLabel-sizeSmall MuiInputLabel-outlined dropdown-select-label css-11mbixr-MuiFormLabel-root-MuiInputLabel-root"
                          data-shrink="true"
                          id="select-repository-label"
                        >
                          Revisions
                          <svg
                            aria-hidden="true"
                            aria-label="Revisions (typically including your changes) to compare against the selected base revision."
                            class="MuiSvgIcon-root MuiSvgIcon-fontSizeSmall dropdown-info-icon css-1mecf1h-MuiSvgIcon-root"
                            data-mui-internal-clone-element="true"
                            data-testid="InfoOutlinedIcon"
                            focusable="false"
                            viewBox="0 0 24 24"
                          >
                            <path
                              d="M11 7h2v2h-2zm0 4h2v6h-2zm1-9C6.48 2 2 6.48 2 12s4.48 10 10 10 10-4.48 10-10S17.52 2 12 2zm0 18c-4.41 0-8-3.59-8-8s3.59-8 8-8 8 3.59 8 8-3.59 8-8 8z"
                            />
                          </svg>
                        </label>
                        <div
                          class="MuiInputBase-root MuiInput-root MuiInput-underline MuiInputBase-colorPrimary MuiInputBase-formControl MuiInputBase-sizeSmall dropdown-select css-1q6aue5-MuiInputBase-root-MuiInput-root-MuiSelect-root"
                          data-testid="dropdown-select-new"
                        >
                          <div
                            aria-expanded="false"
                            aria-haspopup="listbox"
                            aria-labelledby="select-repository-label"
                            class="MuiSelect-select MuiSelect-standard MuiInputBase-input MuiInput-input MuiInputBase-inputSizeSmall css-1co7s6p-MuiSelect-select-MuiInputBase-input-MuiInput-input"
                            role="button"
                            tabindex="0"
                          >
                            try
                          </div>
                          <input
                            aria-hidden="true"
                            class="MuiSelect-nativeInput css-yf8vq0-MuiSelect-nativeInput"
                            tabindex="-1"
                            value="try"
                          />
                          <svg
                            aria-hidden="true"
                            class="MuiSvgIcon-root MuiSvgIcon-fontSizeMedium MuiSelect-icon MuiSelect-iconStandard css-o3okz2-MuiSvgIcon-root-MuiSelect-icon"
                            data-testid="ArrowDropDownIcon"
                            focusable="false"
                            viewBox="0 0 24 24"
                          >
                            <path
                              d="M7 10l5 5 5-5z"
                            />
                          </svg>
                        </div>
                      </div>
                    </div>
                  </div>
                  <div
                    class="MuiGrid-root MuiGrid-item MuiGrid-grid-xs-7 new-search-input  baseSearchInput_fim9qh9 css-17gmabg-MuiGrid-root"
                    id="new_search-input"
                  >
                    <div
                      class="MuiFormControl-root MuiFormControl-fullWidth fv98i7o css-q8hpuo-MuiFormControl-root"
                    >
                      <div
                        class="hide"
                      >
                        Block
                      </div>
                      <div
                        class="MuiFormControl-root MuiTextField-root search-text-field new css-1u3bzj6-MuiFormControl-root-MuiTextField-root"
                      >
                        <div
                          class="MuiInputBase-root MuiOutlinedInput-root MuiInputBase-colorPrimary MuiInputBase-formControl MuiInputBase-sizeSmall MuiInputBase-adornedStart css-1vjgbo6-MuiInputBase-root-MuiOutlinedInput-root"
                        >
                          <div
                            class="MuiInputAdornment-root MuiInputAdornment-positionEnd MuiInputAdornment-outlined MuiInputAdornment-sizeSmall css-yzzuft-MuiInputAdornment-root"
                          >
                            <svg
                              aria-hidden="true"
                              class="MuiSvgIcon-root MuiSvgIcon-fontSizeMedium css-fuz6rv-MuiSvgIcon-root"
                              data-testid="SearchIcon"
                              focusable="false"
                              viewBox="0 0 24 24"
                            >
                              <path
                                d="M15.5 14h-.79l-.28-.27C15.41 12.59 16 11.11 16 9.5 16 5.91 13.09 3 9.5 3S3 5.91 3 9.5 5.91 16 9.5 16c1.61 0 3.09-.59 4.23-1.57l.27.28v.79l5 4.99L20.49 19l-4.99-5zm-6 0C7.01 14 5 11.99 5 9.5S7.01 5 9.5 5 14 7.01 14 9.5 11.99 14 9.5 14z"
                              />
                            </svg>
                          </div>
                          <input
                            aria-invalid="false"
                            class="MuiInputBase-input MuiOutlinedInput-input MuiInputBase-inputSizeSmall MuiInputBase-inputAdornedStart css-jrmsot-MuiInputBase-input-MuiOutlinedInput-input"
                            id="search-new-input"
                            name="newSearch"
                            placeholder="Search revision by ID number or author email"
                            type="text"
                            value=""
                          />
                          <fieldset
                            aria-hidden="true"
                            class="MuiOutlinedInput-notchedOutline css-1d3z3hw-MuiOutlinedInput-notchedOutline"
                          >
                            <legend
                              class="css-ihdtdm"
                            >
                              <span
                                class="notranslate"
                              >
                                ​
                              </span>
                            </legend>
                          </fieldset>
                        </div>
                      </div>
                    </div>
                  </div>
                </div>
              </div>
              <div
                class="MuiGrid-root MuiGrid-item MuiGrid-grid-xs-2 dropDown_ffz7cf5 fjuaqdk css-13eijkh-MuiGrid-root"
              >
                <div>
                  <div
                    class="MuiFormControl-root search-dropdown fnpbx3q css-1nrlq1o-MuiFormControl-root"
                  >
                    <label
                      class="MuiFormLabel-root MuiInputLabel-root MuiInputLabel-formControl MuiInputLabel-animated MuiInputLabel-shrink MuiInputLabel-sizeSmall MuiInputLabel-outlined MuiFormLabel-colorPrimary MuiFormLabel-filled MuiInputLabel-root MuiInputLabel-formControl MuiInputLabel-animated MuiInputLabel-shrink MuiInputLabel-sizeSmall MuiInputLabel-outlined dropdown-select-label css-11mbixr-MuiFormLabel-root-MuiInputLabel-root"
                      data-shrink="true"
                      id="select-repository-label"
                    >
                      Framework
                      <svg
                        aria-hidden="true"
                        aria-label="The framework or test harness containing the test you want to examine."
                        class="MuiSvgIcon-root MuiSvgIcon-fontSizeSmall dropdown-info-icon css-1mecf1h-MuiSvgIcon-root"
                        data-mui-internal-clone-element="true"
                        data-testid="InfoOutlinedIcon"
                        focusable="false"
                        viewBox="0 0 24 24"
                      >
                        <path
                          d="M11 7h2v2h-2zm0 4h2v6h-2zm1-9C6.48 2 2 6.48 2 12s4.48 10 10 10 10-4.48 10-10S17.52 2 12 2zm0 18c-4.41 0-8-3.59-8-8s3.59-8 8-8 8 3.59 8 8-3.59 8-8 8z"
                        />
                      </svg>
                    </label>
                    <div
                      class="MuiInputBase-root MuiInput-root MuiInput-underline MuiInputBase-colorPrimary MuiInputBase-formControl MuiInputBase-sizeSmall dropdown-select css-1q6aue5-MuiInputBase-root-MuiInput-root-MuiSelect-root"
                      data-testid="dropdown-select-framework"
                    >
                      <div
                        aria-expanded="false"
                        aria-haspopup="listbox"
                        aria-labelledby="select-repository-label"
                        class="MuiSelect-select MuiSelect-standard MuiInputBase-input MuiInput-input MuiInputBase-inputSizeSmall css-1co7s6p-MuiSelect-select-MuiInputBase-input-MuiInput-input"
                        role="button"
                        tabindex="0"
                      >
                        talos
                      </div>
                      <input
                        aria-hidden="true"
                        class="MuiSelect-nativeInput css-yf8vq0-MuiSelect-nativeInput"
                        tabindex="-1"
                        value="talos"
                      />
                      <svg
                        aria-hidden="true"
                        class="MuiSvgIcon-root MuiSvgIcon-fontSizeMedium MuiSelect-icon MuiSelect-iconStandard css-o3okz2-MuiSvgIcon-root-MuiSelect-icon"
                        data-testid="ArrowDropDownIcon"
                        focusable="false"
                        viewBox="0 0 24 24"
                      >
                        <path
                          d="M7 10l5 5 5-5z"
                        />
                      </svg>
                    </div>
                  </div>
                </div>
                <button
                  aria-label="compare revisions"
                  class="MuiButtonBase-root MuiButton-root MuiButton-contained MuiButton-containedPrimary MuiButton-sizeMedium MuiButton-containedSizeMedium MuiButton-root MuiButton-contained MuiButton-containedPrimary MuiButton-sizeMedium MuiButton-containedSizeMedium compare-buttonfnjph0f css-1pha5e5-MuiButtonBase-root-MuiButton-root"
                  id="compare-button"
                  tabindex="0"
                  type="button"
                >
                  Compare
                  <span
                    class="MuiTouchRipple-root css-8je8zh-MuiTouchRipple-root"
                  />
                </button>
              </div>
            </div>
          </div>
        </div>
      </section>
      <div
        class="MuiGrid-root MuiGrid-container css-3s5eoc-MuiGrid-root"
      >
        <div
          class="MuiGrid-root MuiGrid-item MuiGrid-grid-xs-12 css-z2teic-MuiGrid-root"
        >
          <div
            class="MuiContainer-root MuiContainer-maxWidthLg f3tbewl css-1kcf06b-MuiContainer-root"
            data-testid="results-main"
          >
            <header>
              <div
                class="fwgc60z"
              >
                Results
              </div>
              <div
                class="f1f1ygnm"
              >
                <div
                  class="f1wnc453"
                  data-testid="search-by-title-test-name"
                >
                  <div
                    class="form-container"
                  >
                    <div
                      class="MuiFormControl-root css-1nrlq1o-MuiFormControl-root"
                    >
                      <div
                        class="MuiFormControl-root MuiTextField-root css-1u3bzj6-MuiFormControl-root-MuiTextField-root"
                      >
                        <div
                          class="MuiInputBase-root MuiOutlinedInput-root MuiInputBase-colorPrimary Mui-disabled MuiInputBase-formControl MuiInputBase-sizeSmall MuiInputBase-adornedStart MuiInputBase-adornedEnd css-new7k7-MuiInputBase-root-MuiOutlinedInput-root"
                        >
                          <div
                            class="MuiInputAdornment-root MuiInputAdornment-positionStart MuiInputAdornment-outlined MuiInputAdornment-sizeSmall css-1hgetzd-MuiInputAdornment-root"
                          >
                            <span
                              class="notranslate"
                            >
                              ​
                            </span>
                            <svg
                              aria-hidden="true"
                              class="MuiSvgIcon-root MuiSvgIcon-fontSizeMedium css-fuz6rv-MuiSvgIcon-root"
                              data-testid="SearchIcon"
                              focusable="false"
                              viewBox="0 0 24 24"
                            >
                              <path
                                d="M15.5 14h-.79l-.28-.27C15.41 12.59 16 11.11 16 9.5 16 5.91 13.09 3 9.5 3S3 5.91 3 9.5 5.91 16 9.5 16c1.61 0 3.09-.59 4.23-1.57l.27.28v.79l5 4.99L20.49 19l-4.99-5zm-6 0C7.01 14 5 11.99 5 9.5S7.01 5 9.5 5 14 7.01 14 9.5 11.99 14 9.5 14z"
                              />
                            </svg>
                          </div>
                          <input
                            aria-invalid="false"
                            class="MuiInputBase-input MuiOutlinedInput-input Mui-disabled MuiInputBase-inputSizeSmall MuiInputBase-inputAdornedStart MuiInputBase-inputAdornedEnd css-rg83rj-MuiInputBase-input-MuiOutlinedInput-input"
                            disabled=""
                            id="search-revision-input"
                            placeholder="Search by title"
                            type="text"
                            value=""
                          />
                          <div
                            class="MuiInputAdornment-root MuiInputAdornment-positionEnd MuiInputAdornment-outlined MuiInputAdornment-sizeSmall css-yzzuft-MuiInputAdornment-root"
                          >
                            <svg
                              aria-hidden="true"
                              class="MuiSvgIcon-root MuiSvgIcon-fontSizeMedium css-fuz6rv-MuiSvgIcon-root"
                              data-testid="CloseIcon"
                              focusable="false"
                              viewBox="0 0 24 24"
                            >
                              <path
                                d="M19 6.41 17.59 5 12 10.59 6.41 5 5 6.41 10.59 12 5 17.59 6.41 19 12 13.41 17.59 19 19 17.59 13.41 12z"
                              />
                            </svg>
                          </div>
                          <fieldset
                            aria-hidden="true"
                            class="MuiOutlinedInput-notchedOutline css-1d3z3hw-MuiOutlinedInput-notchedOutline"
                          >
                            <legend
                              class="css-ihdtdm"
                            >
                              <span
                                class="notranslate"
                              >
                                ​
                              </span>
                            </legend>
                          </fieldset>
                        </div>
                      </div>
                    </div>
                  </div>
                  <button
                    class="MuiButtonBase-root MuiButton-root MuiButton-text MuiButton-textPrimary MuiButton-sizeMedium MuiButton-textSizeMedium Mui-disabled MuiButton-root MuiButton-text MuiButton-textPrimary MuiButton-sizeMedium MuiButton-textSizeMedium css-t42cd1-MuiButtonBase-root-MuiButton-root"
                    disabled=""
                    tabindex="-1"
                    type="button"
                  >
                    Apply
                  </button>
                </div>
                <div
                  class="MuiBox-root css-0"
                  data-testid="revision-select"
                >
                  <div
                    class="MuiInputBase-root MuiOutlinedInput-root MuiInputBase-colorPrimary Mui-disabled MuiInputBase-sizeSmall fiy3v8i css-1od5rak-MuiInputBase-root-MuiOutlinedInput-root-MuiSelect-root"
                  >
                    <div
                      aria-disabled="true"
                      aria-expanded="false"
                      aria-haspopup="listbox"
                      class="MuiSelect-select MuiSelect-outlined Mui-disabled MuiInputBase-input MuiOutlinedInput-input Mui-disabled MuiInputBase-inputSizeSmall css-114a80n-MuiSelect-select-MuiInputBase-input-MuiOutlinedInput-input"
                      role="button"
                    >
                      <div
                        class="fbc330 MuiBox-root css-0"
                      >
                        <svg
                          aria-hidden="true"
                          class="MuiSvgIcon-root MuiSvgIcon-fontSizeMedium css-fuz6rv-MuiSvgIcon-root"
                          focusable="false"
                          viewBox="0 0 24 24"
                        >
                          <svg
                            aria-hidden="true"
                            class="MuiSvgIcon-root MuiSvgIcon-fontSizeMedium css-fuz6rv-MuiSvgIcon-root"
                            data-testid="SortIcon"
                            focusable="false"
                            viewBox="0 0 24 24"
                          >
                            <path
                              d="M3 18h6v-2H3v2zM3 6v2h18V6H3zm0 7h12v-2H3v2z"
                            />
                          </svg>
                        </svg>
                      </div>
                    </div>
                    <input
                      aria-hidden="true"
                      class="MuiSelect-nativeInput css-yf8vq0-MuiSelect-nativeInput"
                      disabled=""
                      tabindex="-1"
                      value=""
                    />
                    <svg
                      aria-hidden="true"
                      class="MuiSvgIcon-root MuiSvgIcon-fontSizeMedium MuiSelect-icon MuiSelect-iconOutlined Mui-disabled css-z44uxh-MuiSvgIcon-root-MuiSelect-icon"
                      data-testid="ArrowDropDownIcon"
                      focusable="false"
                      viewBox="0 0 24 24"
                    >
                      <path
                        d="M7 10l5 5 5-5z"
                      />
                    </svg>
                    <fieldset
                      aria-hidden="true"
                      class="MuiOutlinedInput-notchedOutline css-1d3z3hw-MuiOutlinedInput-notchedOutline"
                    >
                      <legend
                        class="css-ihdtdm"
                      >
                        <span
                          class="notranslate"
                        >
                          ​
                        </span>
                      </legend>
                    </fieldset>
                  </div>
                </div>
                <div
                  class="fnyxjzg"
                >
                  <button
                    class="MuiButtonBase-root MuiButton-root MuiButton-text MuiButton-textPrimary MuiButton-sizeMedium MuiButton-textSizeMedium Mui-disabled MuiButton-root MuiButton-text MuiButton-textPrimary MuiButton-sizeMedium MuiButton-textSizeMedium css-t42cd1-MuiButtonBase-root-MuiButton-root"
                    disabled=""
                    tabindex="-1"
                    type="button"
                  >
                    Download JSON
                  </button>
                </div>
              </div>
            </header>
            <div
              class="MuiPaper-root MuiPaper-elevation MuiPaper-rounded MuiPaper-elevation1 MuiTableContainer-root f1cqtmh css-1inhs6f-MuiPaper-root-MuiTableContainer-root"
              data-testid="results-table"
            >
              <table
                class="MuiTable-root css-yso468-MuiTable-root"
              >
                <thead
                  class="MuiTableHead-root css-15wwp11-MuiTableHead-root"
                  data-testid="table-header"
                >
                  <tr
                    class="MuiTableRow-root MuiTableRow-head f1ctvkx8 css-1yt2i5z-MuiTableRow-root"
                  >
                    <th
                      class="MuiTableCell-root MuiTableCell-head MuiTableCell-sizeMedium platform-header css-hwty3m-MuiTableCell-root"
                      scope="col"
                    >
                      <div
                        class="fzi2oph"
                      >
                        <svg
                          aria-hidden="true"
                          class="MuiSvgIcon-root MuiSvgIcon-fontSizeMedium css-fuz6rv-MuiSvgIcon-root"
                          data-testid="SortIcon"
                          focusable="false"
                          viewBox="0 0 24 24"
                        >
                          <path
                            d="M3 18h6v-2H3v2zM3 6v2h18V6H3zm0 7h12v-2H3v2z"
                          />
                        </svg>
                        <span>
                          Platform
                        </span>
                        <svg
                          aria-hidden="true"
                          class="MuiSvgIcon-root MuiSvgIcon-fontSizeMedium css-fuz6rv-MuiSvgIcon-root"
                          data-testid="ExpandMoreIcon"
                          focusable="false"
                          viewBox="0 0 24 24"
                        >
                          <path
                            d="M16.59 8.59 12 13.17 7.41 8.59 6 10l6 6 6-6z"
                          />
                        </svg>
                      </div>
                    </th>
                    <th
                      class="MuiTableCell-root MuiTableCell-head MuiTableCell-sizeMedium base-header css-hwty3m-MuiTableCell-root"
                      scope="col"
                    >
                      <div
                        class=""
                      >
                        <span>
                          Base
                        </span>
                      </div>
                    </th>
                    <th
                      class="MuiTableCell-root MuiTableCell-head MuiTableCell-sizeMedium comparisonSign-header css-hwty3m-MuiTableCell-root"
                      scope="col"
                    >
                      <div
                        class=""
                      >
                        <span />
                      </div>
                    </th>
                    <th
                      class="MuiTableCell-root MuiTableCell-head MuiTableCell-sizeMedium new-header css-hwty3m-MuiTableCell-root"
                      scope="col"
                    >
                      <div
                        class=""
                      >
                        <span>
                          New
                        </span>
                      </div>
                    </th>
                    <th
                      class="MuiTableCell-root MuiTableCell-head MuiTableCell-sizeMedium status-header css-hwty3m-MuiTableCell-root"
                      scope="col"
                    >
                      <div
                        class="fzi2oph"
                      >
                        <svg
                          aria-hidden="true"
                          class="MuiSvgIcon-root MuiSvgIcon-fontSizeMedium css-fuz6rv-MuiSvgIcon-root"
                          data-testid="SortIcon"
                          focusable="false"
                          viewBox="0 0 24 24"
                        >
                          <path
                            d="M3 18h6v-2H3v2zM3 6v2h18V6H3zm0 7h12v-2H3v2z"
                          />
                        </svg>
                        <span>
                          Status
                        </span>
                        <svg
                          aria-hidden="true"
                          class="MuiSvgIcon-root MuiSvgIcon-fontSizeMedium css-fuz6rv-MuiSvgIcon-root"
                          data-testid="ExpandMoreIcon"
                          focusable="false"
                          viewBox="0 0 24 24"
                        >
                          <path
                            d="M16.59 8.59 12 13.17 7.41 8.59 6 10l6 6 6-6z"
                          />
                        </svg>
                      </div>
                    </th>
                    <th
                      class="MuiTableCell-root MuiTableCell-head MuiTableCell-sizeMedium delta-header css-hwty3m-MuiTableCell-root"
                      scope="col"
                    >
                      <div
                        class=""
                      >
                        <span>
                          Delta(%)
                        </span>
                      </div>
                    </th>
                    <th
                      class="MuiTableCell-root MuiTableCell-head MuiTableCell-sizeMedium confidence-header css-hwty3m-MuiTableCell-root"
                      scope="col"
                    >
                      <div
                        class="fzi2oph"
                      >
                        <svg
                          aria-hidden="true"
                          class="MuiSvgIcon-root MuiSvgIcon-fontSizeMedium css-fuz6rv-MuiSvgIcon-root"
                          data-testid="SortIcon"
                          focusable="false"
                          viewBox="0 0 24 24"
                        >
                          <path
                            d="M3 18h6v-2H3v2zM3 6v2h18V6H3zm0 7h12v-2H3v2z"
                          />
                        </svg>
                        <span>
                          Confidence
                        </span>
                        <svg
                          aria-hidden="true"
                          class="MuiSvgIcon-root MuiSvgIcon-fontSizeMedium css-fuz6rv-MuiSvgIcon-root"
                          data-testid="ExpandMoreIcon"
                          focusable="false"
                          viewBox="0 0 24 24"
                        >
                          <path
                            d="M16.59 8.59 12 13.17 7.41 8.59 6 10l6 6 6-6z"
                          />
                        </svg>
                      </div>
                    </th>
                    <th
                      class="MuiTableCell-root MuiTableCell-head MuiTableCell-sizeMedium runs-header css-hwty3m-MuiTableCell-root"
                      scope="col"
                    >
                      <div
                        class=""
                      >
                        <span>
                          Total Runs
                        </span>
                      </div>
                    </th>
                    <th
                      class="MuiTableCell-root MuiTableCell-head MuiTableCell-sizeMedium empty-header css-hwty3m-MuiTableCell-root"
                      colspan="4"
                      scope="col"
                    >
                      <div
                        class=""
                      >
                        <span />
                      </div>
                    </th>
                  </tr>
                </thead>
                <tbody
                  class="MuiTableBody-root f5w6em2 css-apqrd9-MuiTableBody-root"
                >
                  <tr
                    class="MuiTableRow-root revision-header css-1yt2i5z-MuiTableRow-root"
                  >
                    <td
                      class="MuiTableCell-root MuiTableCell-body MuiTableCell-sizeMedium css-15mfgc5-MuiTableCell-root"
                      colspan="8"
                    >
                      <strong>
                        Metric 1
                      </strong>
                       
                      <a
                        class="MuiTypography-root MuiTypography-inherit MuiLink-root MuiLink-underlineAlways css-1qhous5-MuiTypography-root-MuiLink-root"
                        href="#"
                      >
                        0f9ef9ff3ea
                      </a>
                    </td>
                    <td
                      class="MuiTableCell-root MuiTableCell-body MuiTableCell-sizeMedium css-15mfgc5-MuiTableCell-root"
                      colspan="4"
                    >
                      <div
                        class="f1oxa67k"
                      >
                        <span
                          class="f1rpr1m5"
                        >
                          e10s
                        </span>
                        <span
                          class="f1rpr1m5"
                        >
                          stylo
                        </span>
                        <span
                          class="f1rpr1m5"
                        >
                          fission
                        </span>
                      </div>
                    </td>
                  </tr>
                  <tr
                    class="MuiTableRow-root revisionRow f131cxob css-1yt2i5z-MuiTableRow-root"
                  >
                    <td
                      class="MuiTableCell-root MuiTableCell-body MuiTableCell-sizeMedium platform css-15mfgc5-MuiTableCell-root"
                    >
                      <div
                        class="platform-container"
                      >
                        <svg
                          aria-hidden="true"
                          class="MuiSvgIcon-root MuiSvgIcon-fontSizeMedium css-fuz6rv-MuiSvgIcon-root"
                          data-testid="AppleIcon"
                          focusable="false"
                          viewBox="0 0 24 24"
                        >
                          <path
                            d="M18.71 19.5c-.83 1.24-1.71 2.45-3.05 2.47-1.34.03-1.77-.79-3.29-.79-1.53 0-2 .77-3.27.82-1.31.05-2.3-1.32-3.14-2.53C4.25 17 2.94 12.45 4.7 9.39c.87-1.52 2.43-2.48 4.12-2.51 1.28-.02 2.5.87 3.29.87.78 0 2.26-1.07 3.81-.91.65.03 2.47.26 3.64 1.98-.09.06-2.17 1.28-2.15 3.81.03 3.02 2.65 4.03 2.68 4.04-.03.07-.42 1.44-1.38 2.83M13 3.5c.73-.83 1.94-1.46 2.94-1.5.13 1.17-.34 2.35-1.04 3.19-.69.85-1.83 1.51-2.95 1.42-.15-1.15.41-2.35 1.05-3.11z"
                          />
                        </svg>
                        <span>
                          Apple
                        </span>
                      </div>
                    </td>
                    <td
                      class="MuiTableCell-root MuiTableCell-body MuiTableCell-sizeMedium base-value css-15mfgc5-MuiTableCell-root"
                    >
                      <div
                        class="base-container"
                      >
                        771.39ms
                      </div>
                    </td>
                    <td
                      class="MuiTableCell-root MuiTableCell-body MuiTableCell-sizeMedium comparison-sign css-15mfgc5-MuiTableCell-root"
                    >
                      &gt;
                    </td>
                    <td
                      class="MuiTableCell-root MuiTableCell-body MuiTableCell-sizeMedium new-value css-15mfgc5-MuiTableCell-root"
                    >
                      771.39ms
                    </td>
                    <td
                      class="MuiTableCell-root MuiTableCell-body MuiTableCell-sizeMedium status css-15mfgc5-MuiTableCell-root"
                    >
                      Improvement
                    </td>
                    <td
                      class="MuiTableCell-root MuiTableCell-body MuiTableCell-sizeMedium delta css-15mfgc5-MuiTableCell-root"
                    >
                      2.5%
                    </td>
                    <td
                      class="MuiTableCell-root MuiTableCell-body MuiTableCell-sizeMedium confidence css-15mfgc5-MuiTableCell-root"
                    >
                      High
                    </td>
                    <td
                      class="MuiTableCell-root MuiTableCell-body MuiTableCell-sizeMedium total-runs css-15mfgc5-MuiTableCell-root"
                    >
                      <span>
                        B:
                      </span>
                      <strong>
                        23
                      </strong>
                       
                      <span>
                        N:
                      </span>
                      <strong>
                        27
                      </strong>
                    </td>
                    <td
                      class="MuiTableCell-root MuiTableCell-body MuiTableCell-sizeMedium cell-button graph css-15mfgc5-MuiTableCell-root"
                    >
                      <div
                        class="graph-link-button-container"
                      >
                        <button
                          aria-label="graph link"
                          class="MuiButtonBase-root MuiIconButton-root MuiIconButton-sizeSmall css-181l1t7-MuiButtonBase-root-MuiIconButton-root"
                          tabindex="0"
                          type="button"
                        >
                          <svg
                            aria-hidden="true"
                            class="MuiSvgIcon-root MuiSvgIcon-fontSizeMedium css-fuz6rv-MuiSvgIcon-root"
                            data-testid="TimelineIcon"
                            focusable="false"
                            viewBox="0 0 24 24"
                          >
                            <path
                              d="M23 8c0 1.1-.9 2-2 2-.18 0-.35-.02-.51-.07l-3.56 3.55c.05.16.07.34.07.52 0 1.1-.9 2-2 2s-2-.9-2-2c0-.18.02-.36.07-.52l-2.55-2.55c-.16.05-.34.07-.52.07s-.36-.02-.52-.07l-4.55 4.56c.05.16.07.33.07.51 0 1.1-.9 2-2 2s-2-.9-2-2 .9-2 2-2c.18 0 .35.02.51.07l4.56-4.55C8.02 9.36 8 9.18 8 9c0-1.1.9-2 2-2s2 .9 2 2c0 .18-.02.36-.07.52l2.55 2.55c.16-.05.34-.07.52-.07s.36.02.52.07l3.55-3.56C19.02 8.35 19 8.18 19 8c0-1.1.9-2 2-2s2 .9 2 2z"
                            />
                          </svg>
                          <span
                            class="MuiTouchRipple-root css-8je8zh-MuiTouchRipple-root"
                          />
                        </button>
                      </div>
                    </td>
                    <td
                      class="MuiTableCell-root MuiTableCell-body MuiTableCell-sizeMedium cell-button download css-15mfgc5-MuiTableCell-root"
                    >
                      <div
                        class="download-button-container"
                      >
                        <button
                          aria-label="download"
                          class="MuiButtonBase-root MuiIconButton-root MuiIconButton-sizeSmall css-181l1t7-MuiButtonBase-root-MuiIconButton-root"
                          tabindex="0"
                          type="button"
                        >
                          <svg
                            aria-hidden="true"
                            class="MuiSvgIcon-root MuiSvgIcon-fontSizeMedium css-fuz6rv-MuiSvgIcon-root"
                            data-testid="FileDownloadOutlinedIcon"
                            focusable="false"
                            viewBox="0 0 24 24"
                          >
                            <path
                              d="M18 15v3H6v-3H4v3c0 1.1.9 2 2 2h12c1.1 0 2-.9 2-2v-3h-2zm-1-4-1.41-1.41L13 12.17V4h-2v8.17L8.41 9.59 7 11l5 5 5-5z"
                            />
                          </svg>
                          <span
                            class="MuiTouchRipple-root css-8je8zh-MuiTouchRipple-root"
                          />
                        </button>
                      </div>
                    </td>
                    <td
                      class="MuiTableCell-root MuiTableCell-body MuiTableCell-sizeMedium cell-button retrigger-button css-15mfgc5-MuiTableCell-root"
                    >
                      <div
                        class="runs-button-container"
                      >
                        <button
                          aria-label="retrigger button"
                          class="MuiButtonBase-root MuiIconButton-root MuiIconButton-sizeSmall css-181l1t7-MuiButtonBase-root-MuiIconButton-root"
                          tabindex="0"
                          type="button"
                        >
                          <svg
                            aria-hidden="true"
                            class="MuiSvgIcon-root MuiSvgIcon-fontSizeMedium css-fuz6rv-MuiSvgIcon-root"
                            data-testid="RefreshOutlinedIcon"
                            focusable="false"
                            viewBox="0 0 24 24"
                          >
                            <path
                              d="M17.65 6.35C16.2 4.9 14.21 4 12 4c-4.42 0-7.99 3.58-7.99 8s3.57 8 7.99 8c3.73 0 6.84-2.55 7.73-6h-2.08c-.82 2.33-3.04 4-5.65 4-3.31 0-6-2.69-6-6s2.69-6 6-6c1.66 0 3.14.69 4.22 1.78L13 11h7V4l-2.35 2.35z"
                            />
                          </svg>
                          <span
                            class="MuiTouchRipple-root css-8je8zh-MuiTouchRipple-root"
                          />
                        </button>
                      </div>
                    </td>
                    <td
                      class="MuiTableCell-root MuiTableCell-body MuiTableCell-sizeMedium cell-button expand-button css-15mfgc5-MuiTableCell-root"
                    >
                      <div
                        class="expand-button-container"
                        data-testid="expand-revision-button"
                      >
                        <button
                          aria-label="expand row"
                          class="MuiButtonBase-root MuiIconButton-root MuiIconButton-sizeSmall css-181l1t7-MuiButtonBase-root-MuiIconButton-root"
                          tabindex="0"
                          type="button"
                        >
                          <svg
                            aria-hidden="true"
                            class="MuiSvgIcon-root MuiSvgIcon-fontSizeMedium css-fuz6rv-MuiSvgIcon-root"
                            data-testid="ExpandMoreIcon"
                            focusable="false"
                            viewBox="0 0 24 24"
                          >
                            <path
                              d="M16.59 8.59 12 13.17 7.41 8.59 6 10l6 6 6-6z"
                            />
                          </svg>
                          <span
                            class="MuiTouchRipple-root css-8je8zh-MuiTouchRipple-root"
                          />
                        </button>
                      </div>
                    </td>
                  </tr>
                  <tr
                    class="MuiTableRow-root revisionRow f131cxob css-1yt2i5z-MuiTableRow-root"
                  >
                    <td
                      class="MuiTableCell-root MuiTableCell-body MuiTableCell-sizeMedium css-15mfgc5-MuiTableCell-root"
                      colspan="11"
                    >
                      <div
                        class="content-row content-row--default container_f1nmcl0i "
                        data-testid="expanded-row-content"
                      >
                        <div
                          class="f120wds7"
                        >
                          <div
                            class="f19s1n7z"
                          >
                            <div
                              class="fc8wfj0"
                            >
                              macosx1015-64-shippable-qr 
                              <br />
                            </div>
                            <div
                              class="fc8wfj0"
                            >
                              <hr
                                class="MuiDivider-root MuiDivider-fullWidth css-9mgopn-MuiDivider-root"
                              />
                               
                            </div>
                            <div
                              class="fc8wfj0"
                            >
                              Only one run (consider more runs for greater confidence).
                            </div>
                            <div
                              class="fc8wfj0"
                            >
                              <b>
                                Mean Difference
                              </b>
                              : 2.5% worse (1,394,293,93)
                            </div>
                            <div>
                              <b>
                                Confidence
                              </b>
                              : High
                            </div>
                            <div
                              class="fl597bh"
                            >
                              <b>
                                **NOTE
                              </b>
                              : 
                              THOUGH THIS IS A SIGNIFICANT CHANGE,       PLEASE CHECK THE HISTORICAL GRAPH ABOVE TO VALIDATE THIS RESULT        ("NOISY" TESTS MAY RETURN INCONSISTENT RESULTS).
                            </div>
                          </div>
                        </div>
                      </div>
                    </td>
                  </tr>
                  <tr
                    class="MuiTableRow-root revisionRow f131cxob css-1yt2i5z-MuiTableRow-root"
                  >
                    <td
                      class="MuiTableCell-root MuiTableCell-body MuiTableCell-sizeMedium platform css-15mfgc5-MuiTableCell-root"
                    >
                      <div
                        class="platform-container"
                      >
                        <svg
                          aria-hidden="true"
                          class="MuiSvgIcon-root MuiSvgIcon-fontSizeMedium css-fuz6rv-MuiSvgIcon-root"
                          data-testid="AppleIcon"
                          focusable="false"
                          viewBox="0 0 24 24"
                        >
                          <path
                            d="M18.71 19.5c-.83 1.24-1.71 2.45-3.05 2.47-1.34.03-1.77-.79-3.29-.79-1.53 0-2 .77-3.27.82-1.31.05-2.3-1.32-3.14-2.53C4.25 17 2.94 12.45 4.7 9.39c.87-1.52 2.43-2.48 4.12-2.51 1.28-.02 2.5.87 3.29.87.78 0 2.26-1.07 3.81-.91.65.03 2.47.26 3.64 1.98-.09.06-2.17 1.28-2.15 3.81.03 3.02 2.65 4.03 2.68 4.04-.03.07-.42 1.44-1.38 2.83M13 3.5c.73-.83 1.94-1.46 2.94-1.5.13 1.17-.34 2.35-1.04 3.19-.69.85-1.83 1.51-2.95 1.42-.15-1.15.41-2.35 1.05-3.11z"
                          />
                        </svg>
                        <span>
                          Apple
                        </span>
                      </div>
                    </td>
                    <td
                      class="MuiTableCell-root MuiTableCell-body MuiTableCell-sizeMedium base-value css-15mfgc5-MuiTableCell-root"
                    >
                      <div
                        class="base-container"
                      >
                        771.39ms
                      </div>
                    </td>
                    <td
                      class="MuiTableCell-root MuiTableCell-body MuiTableCell-sizeMedium comparison-sign css-15mfgc5-MuiTableCell-root"
                    >
                      &gt;
                    </td>
                    <td
                      class="MuiTableCell-root MuiTableCell-body MuiTableCell-sizeMedium new-value css-15mfgc5-MuiTableCell-root"
                    >
                      771.39ms
                    </td>
                    <td
                      class="MuiTableCell-root MuiTableCell-body MuiTableCell-sizeMedium status css-15mfgc5-MuiTableCell-root"
                    >
                      Improvement
                    </td>
                    <td
                      class="MuiTableCell-root MuiTableCell-body MuiTableCell-sizeMedium delta css-15mfgc5-MuiTableCell-root"
                    >
                      2.5%
                    </td>
                    <td
                      class="MuiTableCell-root MuiTableCell-body MuiTableCell-sizeMedium confidence css-15mfgc5-MuiTableCell-root"
                    >
                      High
                    </td>
                    <td
                      class="MuiTableCell-root MuiTableCell-body MuiTableCell-sizeMedium total-runs css-15mfgc5-MuiTableCell-root"
                    >
                      <span>
                        B:
                      </span>
                      <strong>
                        23
                      </strong>
                       
                      <span>
                        N:
                      </span>
                      <strong>
                        27
                      </strong>
                    </td>
                    <td
                      class="MuiTableCell-root MuiTableCell-body MuiTableCell-sizeMedium cell-button graph css-15mfgc5-MuiTableCell-root"
                    >
                      <div
                        class="graph-link-button-container"
                      >
                        <button
                          aria-label="graph link"
                          class="MuiButtonBase-root MuiIconButton-root MuiIconButton-sizeSmall css-181l1t7-MuiButtonBase-root-MuiIconButton-root"
                          tabindex="0"
                          type="button"
                        >
                          <svg
                            aria-hidden="true"
                            class="MuiSvgIcon-root MuiSvgIcon-fontSizeMedium css-fuz6rv-MuiSvgIcon-root"
                            data-testid="TimelineIcon"
                            focusable="false"
                            viewBox="0 0 24 24"
                          >
                            <path
                              d="M23 8c0 1.1-.9 2-2 2-.18 0-.35-.02-.51-.07l-3.56 3.55c.05.16.07.34.07.52 0 1.1-.9 2-2 2s-2-.9-2-2c0-.18.02-.36.07-.52l-2.55-2.55c-.16.05-.34.07-.52.07s-.36-.02-.52-.07l-4.55 4.56c.05.16.07.33.07.51 0 1.1-.9 2-2 2s-2-.9-2-2 .9-2 2-2c.18 0 .35.02.51.07l4.56-4.55C8.02 9.36 8 9.18 8 9c0-1.1.9-2 2-2s2 .9 2 2c0 .18-.02.36-.07.52l2.55 2.55c.16-.05.34-.07.52-.07s.36.02.52.07l3.55-3.56C19.02 8.35 19 8.18 19 8c0-1.1.9-2 2-2s2 .9 2 2z"
                            />
                          </svg>
                          <span
                            class="MuiTouchRipple-root css-8je8zh-MuiTouchRipple-root"
                          />
                        </button>
                      </div>
                    </td>
                    <td
                      class="MuiTableCell-root MuiTableCell-body MuiTableCell-sizeMedium cell-button download css-15mfgc5-MuiTableCell-root"
                    >
                      <div
                        class="download-button-container"
                      >
                        <button
                          aria-label="download"
                          class="MuiButtonBase-root MuiIconButton-root MuiIconButton-sizeSmall css-181l1t7-MuiButtonBase-root-MuiIconButton-root"
                          tabindex="0"
                          type="button"
                        >
                          <svg
                            aria-hidden="true"
                            class="MuiSvgIcon-root MuiSvgIcon-fontSizeMedium css-fuz6rv-MuiSvgIcon-root"
                            data-testid="FileDownloadOutlinedIcon"
                            focusable="false"
                            viewBox="0 0 24 24"
                          >
                            <path
                              d="M18 15v3H6v-3H4v3c0 1.1.9 2 2 2h12c1.1 0 2-.9 2-2v-3h-2zm-1-4-1.41-1.41L13 12.17V4h-2v8.17L8.41 9.59 7 11l5 5 5-5z"
                            />
                          </svg>
                          <span
                            class="MuiTouchRipple-root css-8je8zh-MuiTouchRipple-root"
                          />
                        </button>
                      </div>
                    </td>
                    <td
                      class="MuiTableCell-root MuiTableCell-body MuiTableCell-sizeMedium cell-button retrigger-button css-15mfgc5-MuiTableCell-root"
                    >
                      <div
                        class="runs-button-container"
                      >
                        <button
                          aria-label="retrigger button"
                          class="MuiButtonBase-root MuiIconButton-root MuiIconButton-sizeSmall css-181l1t7-MuiButtonBase-root-MuiIconButton-root"
                          tabindex="0"
                          type="button"
                        >
                          <svg
                            aria-hidden="true"
                            class="MuiSvgIcon-root MuiSvgIcon-fontSizeMedium css-fuz6rv-MuiSvgIcon-root"
                            data-testid="RefreshOutlinedIcon"
                            focusable="false"
                            viewBox="0 0 24 24"
                          >
                            <path
                              d="M17.65 6.35C16.2 4.9 14.21 4 12 4c-4.42 0-7.99 3.58-7.99 8s3.57 8 7.99 8c3.73 0 6.84-2.55 7.73-6h-2.08c-.82 2.33-3.04 4-5.65 4-3.31 0-6-2.69-6-6s2.69-6 6-6c1.66 0 3.14.69 4.22 1.78L13 11h7V4l-2.35 2.35z"
                            />
                          </svg>
                          <span
                            class="MuiTouchRipple-root css-8je8zh-MuiTouchRipple-root"
                          />
                        </button>
                      </div>
                    </td>
                    <td
                      class="MuiTableCell-root MuiTableCell-body MuiTableCell-sizeMedium cell-button expand-button css-15mfgc5-MuiTableCell-root"
                    >
                      <div
                        class="expand-button-container"
                        data-testid="expand-revision-button"
                      >
                        <button
                          aria-label="expand row"
                          class="MuiButtonBase-root MuiIconButton-root MuiIconButton-sizeSmall css-181l1t7-MuiButtonBase-root-MuiIconButton-root"
                          tabindex="0"
                          type="button"
                        >
                          <svg
                            aria-hidden="true"
                            class="MuiSvgIcon-root MuiSvgIcon-fontSizeMedium css-fuz6rv-MuiSvgIcon-root"
                            data-testid="ExpandMoreIcon"
                            focusable="false"
                            viewBox="0 0 24 24"
                          >
                            <path
                              d="M16.59 8.59 12 13.17 7.41 8.59 6 10l6 6 6-6z"
                            />
                          </svg>
                          <span
                            class="MuiTouchRipple-root css-8je8zh-MuiTouchRipple-root"
                          />
                        </button>
                      </div>
                    </td>
                  </tr>
                  <tr
                    class="MuiTableRow-root revisionRow f131cxob css-1yt2i5z-MuiTableRow-root"
                  >
                    <td
                      class="MuiTableCell-root MuiTableCell-body MuiTableCell-sizeMedium css-15mfgc5-MuiTableCell-root"
                      colspan="11"
                    >
                      <div
                        class="content-row content-row--default container_f1nmcl0i "
                        data-testid="expanded-row-content"
                      >
                        <div
                          class="f120wds7"
                        >
                          <div
                            class="f19s1n7z"
                          >
                            <div
                              class="fc8wfj0"
                            >
                              macosx1015-64-shippable-qr 
                              <br />
                            </div>
                            <div
                              class="fc8wfj0"
                            >
                              <hr
                                class="MuiDivider-root MuiDivider-fullWidth css-9mgopn-MuiDivider-root"
                              />
                               
                            </div>
                            <div
                              class="fc8wfj0"
                            >
                              Only one run (consider more runs for greater confidence).
                            </div>
                            <div
                              class="fc8wfj0"
                            >
                              <b>
                                Mean Difference
                              </b>
                              : 2.5% worse (1,394,293,93)
                            </div>
                            <div>
                              <b>
                                Confidence
                              </b>
                              : High
                            </div>
                            <div
                              class="fl597bh"
                            >
                              <b>
                                **NOTE
                              </b>
                              : 
                              THOUGH THIS IS A SIGNIFICANT CHANGE,       PLEASE CHECK THE HISTORICAL GRAPH ABOVE TO VALIDATE THIS RESULT        ("NOISY" TESTS MAY RETURN INCONSISTENT RESULTS).
                            </div>
                          </div>
                        </div>
                      </div>
                    </td>
                  </tr>
                  <tr
                    class="MuiTableRow-root revisionRow f131cxob css-1yt2i5z-MuiTableRow-root"
                  >
                    <td
                      class="MuiTableCell-root MuiTableCell-body MuiTableCell-sizeMedium platform css-15mfgc5-MuiTableCell-root"
                    >
                      <div
                        class="platform-container"
                      >
                        <svg
                          aria-hidden="true"
                          class="MuiSvgIcon-root MuiSvgIcon-fontSizeMedium css-fuz6rv-MuiSvgIcon-root"
                          data-testid="AppleIcon"
                          focusable="false"
                          viewBox="0 0 24 24"
                        >
                          <path
                            d="M18.71 19.5c-.83 1.24-1.71 2.45-3.05 2.47-1.34.03-1.77-.79-3.29-.79-1.53 0-2 .77-3.27.82-1.31.05-2.3-1.32-3.14-2.53C4.25 17 2.94 12.45 4.7 9.39c.87-1.52 2.43-2.48 4.12-2.51 1.28-.02 2.5.87 3.29.87.78 0 2.26-1.07 3.81-.91.65.03 2.47.26 3.64 1.98-.09.06-2.17 1.28-2.15 3.81.03 3.02 2.65 4.03 2.68 4.04-.03.07-.42 1.44-1.38 2.83M13 3.5c.73-.83 1.94-1.46 2.94-1.5.13 1.17-.34 2.35-1.04 3.19-.69.85-1.83 1.51-2.95 1.42-.15-1.15.41-2.35 1.05-3.11z"
                          />
                        </svg>
                        <span>
                          Apple
                        </span>
                      </div>
                    </td>
                    <td
                      class="MuiTableCell-root MuiTableCell-body MuiTableCell-sizeMedium base-value css-15mfgc5-MuiTableCell-root"
                    >
                      <div
                        class="base-container"
                      >
                        771.39ms
                      </div>
                    </td>
                    <td
                      class="MuiTableCell-root MuiTableCell-body MuiTableCell-sizeMedium comparison-sign css-15mfgc5-MuiTableCell-root"
                    >
                      &gt;
                    </td>
                    <td
                      class="MuiTableCell-root MuiTableCell-body MuiTableCell-sizeMedium new-value css-15mfgc5-MuiTableCell-root"
                    >
                      771.39ms
                    </td>
                    <td
                      class="MuiTableCell-root MuiTableCell-body MuiTableCell-sizeMedium status css-15mfgc5-MuiTableCell-root"
                    >
                      Improvement
                    </td>
                    <td
                      class="MuiTableCell-root MuiTableCell-body MuiTableCell-sizeMedium delta css-15mfgc5-MuiTableCell-root"
                    >
                      2.5%
                    </td>
                    <td
                      class="MuiTableCell-root MuiTableCell-body MuiTableCell-sizeMedium confidence css-15mfgc5-MuiTableCell-root"
                    >
                      High
                    </td>
                    <td
                      class="MuiTableCell-root MuiTableCell-body MuiTableCell-sizeMedium total-runs css-15mfgc5-MuiTableCell-root"
                    >
                      <span>
                        B:
                      </span>
                      <strong>
                        23
                      </strong>
                       
                      <span>
                        N:
                      </span>
                      <strong>
                        27
                      </strong>
                    </td>
                    <td
                      class="MuiTableCell-root MuiTableCell-body MuiTableCell-sizeMedium cell-button graph css-15mfgc5-MuiTableCell-root"
                    >
                      <div
                        class="graph-link-button-container"
                      >
                        <button
                          aria-label="graph link"
                          class="MuiButtonBase-root MuiIconButton-root MuiIconButton-sizeSmall css-181l1t7-MuiButtonBase-root-MuiIconButton-root"
                          tabindex="0"
                          type="button"
                        >
                          <svg
                            aria-hidden="true"
                            class="MuiSvgIcon-root MuiSvgIcon-fontSizeMedium css-fuz6rv-MuiSvgIcon-root"
                            data-testid="TimelineIcon"
                            focusable="false"
                            viewBox="0 0 24 24"
                          >
                            <path
                              d="M23 8c0 1.1-.9 2-2 2-.18 0-.35-.02-.51-.07l-3.56 3.55c.05.16.07.34.07.52 0 1.1-.9 2-2 2s-2-.9-2-2c0-.18.02-.36.07-.52l-2.55-2.55c-.16.05-.34.07-.52.07s-.36-.02-.52-.07l-4.55 4.56c.05.16.07.33.07.51 0 1.1-.9 2-2 2s-2-.9-2-2 .9-2 2-2c.18 0 .35.02.51.07l4.56-4.55C8.02 9.36 8 9.18 8 9c0-1.1.9-2 2-2s2 .9 2 2c0 .18-.02.36-.07.52l2.55 2.55c.16-.05.34-.07.52-.07s.36.02.52.07l3.55-3.56C19.02 8.35 19 8.18 19 8c0-1.1.9-2 2-2s2 .9 2 2z"
                            />
                          </svg>
                          <span
                            class="MuiTouchRipple-root css-8je8zh-MuiTouchRipple-root"
                          />
                        </button>
                      </div>
                    </td>
                    <td
                      class="MuiTableCell-root MuiTableCell-body MuiTableCell-sizeMedium cell-button download css-15mfgc5-MuiTableCell-root"
                    >
                      <div
                        class="download-button-container"
                      >
                        <button
                          aria-label="download"
                          class="MuiButtonBase-root MuiIconButton-root MuiIconButton-sizeSmall css-181l1t7-MuiButtonBase-root-MuiIconButton-root"
                          tabindex="0"
                          type="button"
                        >
                          <svg
                            aria-hidden="true"
                            class="MuiSvgIcon-root MuiSvgIcon-fontSizeMedium css-fuz6rv-MuiSvgIcon-root"
                            data-testid="FileDownloadOutlinedIcon"
                            focusable="false"
                            viewBox="0 0 24 24"
                          >
                            <path
                              d="M18 15v3H6v-3H4v3c0 1.1.9 2 2 2h12c1.1 0 2-.9 2-2v-3h-2zm-1-4-1.41-1.41L13 12.17V4h-2v8.17L8.41 9.59 7 11l5 5 5-5z"
                            />
                          </svg>
                          <span
                            class="MuiTouchRipple-root css-8je8zh-MuiTouchRipple-root"
                          />
                        </button>
                      </div>
                    </td>
                    <td
                      class="MuiTableCell-root MuiTableCell-body MuiTableCell-sizeMedium cell-button retrigger-button css-15mfgc5-MuiTableCell-root"
                    >
                      <div
                        class="runs-button-container"
                      >
                        <button
                          aria-label="retrigger button"
                          class="MuiButtonBase-root MuiIconButton-root MuiIconButton-sizeSmall css-181l1t7-MuiButtonBase-root-MuiIconButton-root"
                          tabindex="0"
                          type="button"
                        >
                          <svg
                            aria-hidden="true"
                            class="MuiSvgIcon-root MuiSvgIcon-fontSizeMedium css-fuz6rv-MuiSvgIcon-root"
                            data-testid="RefreshOutlinedIcon"
                            focusable="false"
                            viewBox="0 0 24 24"
                          >
                            <path
                              d="M17.65 6.35C16.2 4.9 14.21 4 12 4c-4.42 0-7.99 3.58-7.99 8s3.57 8 7.99 8c3.73 0 6.84-2.55 7.73-6h-2.08c-.82 2.33-3.04 4-5.65 4-3.31 0-6-2.69-6-6s2.69-6 6-6c1.66 0 3.14.69 4.22 1.78L13 11h7V4l-2.35 2.35z"
                            />
                          </svg>
                          <span
                            class="MuiTouchRipple-root css-8je8zh-MuiTouchRipple-root"
                          />
                        </button>
                      </div>
                    </td>
                    <td
                      class="MuiTableCell-root MuiTableCell-body MuiTableCell-sizeMedium cell-button expand-button css-15mfgc5-MuiTableCell-root"
                    >
                      <div
                        class="expand-button-container"
                        data-testid="expand-revision-button"
                      >
                        <button
                          aria-label="expand row"
                          class="MuiButtonBase-root MuiIconButton-root MuiIconButton-sizeSmall css-181l1t7-MuiButtonBase-root-MuiIconButton-root"
                          tabindex="0"
                          type="button"
                        >
                          <svg
                            aria-hidden="true"
                            class="MuiSvgIcon-root MuiSvgIcon-fontSizeMedium css-fuz6rv-MuiSvgIcon-root"
                            data-testid="ExpandMoreIcon"
                            focusable="false"
                            viewBox="0 0 24 24"
                          >
                            <path
                              d="M16.59 8.59 12 13.17 7.41 8.59 6 10l6 6 6-6z"
                            />
                          </svg>
                          <span
                            class="MuiTouchRipple-root css-8je8zh-MuiTouchRipple-root"
                          />
                        </button>
                      </div>
                    </td>
                  </tr>
                  <tr
                    class="MuiTableRow-root revisionRow f131cxob css-1yt2i5z-MuiTableRow-root"
                  >
                    <td
                      class="MuiTableCell-root MuiTableCell-body MuiTableCell-sizeMedium css-15mfgc5-MuiTableCell-root"
                      colspan="11"
                    >
                      <div
                        class="content-row content-row--default container_f1nmcl0i "
                        data-testid="expanded-row-content"
                      >
                        <div
                          class="f120wds7"
                        >
                          <div
                            class="f19s1n7z"
                          >
                            <div
                              class="fc8wfj0"
                            >
                              macosx1015-64-shippable-qr 
                              <br />
                            </div>
                            <div
                              class="fc8wfj0"
                            >
                              <hr
                                class="MuiDivider-root MuiDivider-fullWidth css-9mgopn-MuiDivider-root"
                              />
                               
                            </div>
                            <div
                              class="fc8wfj0"
                            >
                              Only one run (consider more runs for greater confidence).
                            </div>
                            <div
                              class="fc8wfj0"
                            >
                              <b>
                                Mean Difference
                              </b>
                              : 2.5% worse (1,394,293,93)
                            </div>
                            <div>
                              <b>
                                Confidence
                              </b>
                              : High
                            </div>
                            <div
                              class="fl597bh"
                            >
                              <b>
                                **NOTE
                              </b>
                              : 
                              THOUGH THIS IS A SIGNIFICANT CHANGE,       PLEASE CHECK THE HISTORICAL GRAPH ABOVE TO VALIDATE THIS RESULT        ("NOISY" TESTS MAY RETURN INCONSISTENT RESULTS).
                            </div>
                          </div>
                        </div>
                      </div>
                    </td>
                  </tr>
                </tbody>
              </table>
            </div>
          </div>
        </div>
      </div>
    </div>
  </div>
</body>
`;
